Microchip MPLAB XC8 Compiler V2.41

Linker command line:

-W-3 \
  --edf=C:\Program Files\Microchip\xc8\v2.41\pic\dat\20230208172133_en.msgs \
  -cn -h+dist/PIC18F2550/production\afm_ver_2.X.production.sym \
  --cmf=dist/PIC18F2550/production\afm_ver_2.X.production.cmf -z -Q18F2550 \
  -oC:\Users\Lab\AppData\Local\Temp\xcAs12c.\driver_tmp_3.o \
  --defsym=__MPLAB_BUILD=1 --fixupoverflow=error \
  -Mdist/PIC18F2550/production/afm_ver_2.X.production.map \
  --md=C:\Users\Lab\AppData\Local\Temp\xcAs12c.\driver_tmp_0.dat -E1 \
  -ver=XC8 Compiler --acfsm=1493 -ACODE=00h-07FFFh -ACONST=00h-07FFFh \
  -ASMALLCONST=0800h-08FFhx120 -AMEDIUMCONST=0800h-07FFFh -ACOMRAM=01h-05Fh \
  -AABS1=00h-07FFh -ABIGRAM=01h-07FFh -ARAM=060h-0FFh,0100h-01FFhx7 \
  -ABANK0=060h-0FFh -ABANK1=0100h-01FFh -ABANK2=0200h-02FFh \
  -ABANK3=0300h-03FFh -ABANK4=0400h-04FFh -ABANK5=0500h-05FFh \
  -ABANK6=0600h-06FFh -ABANK7=0700h-07FFh -ASFR=0F60h-0FFFh \
  -ABIGSFR=0F60h-0FFFh -ACONFIG=0300000h-030000Dh -AIDLOC=0200000h-0200007h \
  -AEEDATA=0F00000h-0F000FFh -peeprom_data=EEDATA \
  -preset_vec=00h,intcode=08h,intcodelo=018h,powerup,init -pramtop=0800h \
  -psmallconst=SMALLCONST -pmediumconst=MEDIUMCONST -pconst=CONST \
  -AFARRAM=00h-00h \
  -prdata=COMRAM,nvrram=COMRAM,nvbit=COMRAM,rbss=COMRAM,rbit=COMRAM \
  -pfarbss=FARRAM,fardata=FARRAM,nvFARRAM=FARRAM \
  -pintsave_regs=BIGRAM,bigbss=BIGRAM,bigdata=BIGRAM -pbss=RAM \
  -pidata=CODE,irdata=CODE,ibigdata=CODE,ifardata=CODE -prparam=COMRAM \
  C:\Users\Lab\AppData\Local\Temp\xcAs12c.\driver_tmp_14.o \
  dist/PIC18F2550/production\afm_ver_2.X.production.o 

Object code version is 3.11

Machine type is 18F2550



                Name                               Link     Load   Length Selector   Space Scale
C:\Users\Lab\AppData\Local\Temp\xcAs12c.\driver_tmp_14.o
                idloc                            200000   200000        8        0       5
                config                           300000   300000        E        0       4
                init                                 90       90        4        C       0
                reset_vec                             0        0        4        0       0
dist/PIC18F2550/production\afm_ver_2.X.production.o
                intcodelo                            18       18       78        C       0
                intcode                               8        8        6        4       0
                idloc                            200000   200000        8        0       5
                config                           300000   300000        E        0       4
                temp                                 41       41        1        1       1
                smallconst                          800      800       44      400       0
                intcode_body                       48D8     48D8        6      422       0
                text53                             2862     2862      42A      422       0
                text52                             3906     3906      106      422       0
                text51                             41B0     41B0       7C      422       0
                text50                             3B0C     3B0C       E0      422       0
                text48                             48BC     48BC       12      422       0
                text47                             4776     4776       2C      422       0
                text46                             484E     484E       1A      422       0
                text45                             47F2     47F2       20      422       0
                text44                             4830     4830       1E      422       0
                text43                             47CA     47CA       28      422       0
                text42                             48CE     48CE        A      422       0
                text41                             48AA     48AA       12      422       0
                text40                             4704     4704       3A      422       0
                text39                             443C     443C       62      422       0
                text38                             43DA     43DA       62      422       0
                text37                             4812     4812       1E      422       0
                text36                             4868     4868       18      422       0
                text35                             4896     4896       14      422       0
                text34                             4880     4880       16      422       0
                text33                             449E     449E       5E      422       0
                text32                             410A     410A       A6      422       0
                text31                             3410     3410      1B8      422       0
                text30                             3D84     3D84       C6      422       0
                text29                             3EFE     3EFE       B2      422       0
                text28                             46C2     46C2       42      422       0
                text27                             48E0     48E0        2      422       0
                text26                             3BEC     3BEC       CE      422       0
                text25                             4638     4638       48      422       0
                text24                             3FB0     3FB0       AE      422       0
                text23                             323E     323E      1D2      422       0
                text22                             2C8C     2C8C      39C      422       0
                text21                             405E     405E       AC      422       0
                text20                             3800     3800      106      422       0
                text19                             2436     2436      42C      422       0
                text18                             473E     473E       38      422       0
                text17                             1B16     1B16      4C2      422       0
                text16                             45F0     45F0       48      422       0
                text15                             36F8     36F8      108      422       0
                text14                             3A0C     3A0C      100      422       0
                text13                             3028     3028      216      422       0
                text12                             430E     430E       68      422       0
                text11                             454E     454E       52      422       0
                text10                             4680     4680       42      422       0
                text9                               844      844      A6C      422       0
                text8                              47A2     47A2       28      422       0
                text7                              3CBA     3CBA       CA      422       0
                text6                              422C     422C       76      422       0
                text5                              4376     4376       64      422       0
                text4                              35C8     35C8      130      422       0
                text3                              1FD8     1FD8      45E      422       0
                text2                              44FC     44FC       52      422       0
                text1                              45A0     45A0       50      422       0
                text0                              12B0     12B0      866      422       0
                cstackCOMRAM                          1        1       23        1       1
                cstackBANK0                          60       60       9A       60       1
                cstackBANK1                         1CC      1CC       2C      100       1
                dataBANK2                           200      200       B4      200       1
                dataBANK1                           1F8      1F8        2      100       1
                bssBANK1                            100      100       CC      100       1
                bssBANK0                             FA       FA        6       60       1
                bssCOMRAM                            24       24       1D        1       1
                cinit                              42A2     42A2       6C      422       0
                idataBANK2                         3E4A     3E4A       B4      422       0
                idataBANK1                         48DE     48DE        2      422       0

TOTAL           Name                               Link     Load   Length     Space
        CLASS   CODE           
                intcodelo                            18       18       78         0
                intcode                               8        8        6         0
                init                                 90       90        4         0
                reset_vec                             0        0        4         0
                intcode_body                       48D8     48D8        6         0
                text53                             2862     2862      42A         0
                text52                             3906     3906      106         0
                text51                             41B0     41B0       7C         0
                text50                             3B0C     3B0C       E0         0
                text48                             48BC     48BC       12         0
                text47                             4776     4776       2C         0
                text46                             484E     484E       1A         0
                text45                             47F2     47F2       20         0
                text44                             4830     4830       1E         0
                text43                             47CA     47CA       28         0
                text42                             48CE     48CE        A         0
                text41                             48AA     48AA       12         0
                text40                             4704     4704       3A         0
                text39                             443C     443C       62         0
                text38                             43DA     43DA       62         0
                text37                             4812     4812       1E         0
                text36                             4868     4868       18         0
                text35                             4896     4896       14         0
                text34                             4880     4880       16         0
                text33                             449E     449E       5E         0
                text32                             410A     410A       A6         0
                text31                             3410     3410      1B8         0
                text30                             3D84     3D84       C6         0
                text29                             3EFE     3EFE       B2         0
                text28                             46C2     46C2       42         0
                text27                             48E0     48E0        2         0
                text26                             3BEC     3BEC       CE         0
                text25                             4638     4638       48         0
                text24                             3FB0     3FB0       AE         0
                text23                             323E     323E      1D2         0
                text22                             2C8C     2C8C      39C         0
                text21                             405E     405E       AC         0
                text20                             3800     3800      106         0
                text19                             2436     2436      42C         0
                text18                             473E     473E       38         0
                text17                             1B16     1B16      4C2         0
                text16                             45F0     45F0       48         0
                text15                             36F8     36F8      108         0
                text14                             3A0C     3A0C      100         0
                text13                             3028     3028      216         0
                text12                             430E     430E       68         0
                text11                             454E     454E       52         0
                text10                             4680     4680       42         0
                text9                               844      844      A6C         0
                text8                              47A2     47A2       28         0
                text7                              3CBA     3CBA       CA         0
                text6                              422C     422C       76         0
                text5                              4376     4376       64         0
                text4                              35C8     35C8      130         0
                text3                              1FD8     1FD8      45E         0
                text2                              44FC     44FC       52         0
                text1                              45A0     45A0       50         0
                text0                              12B0     12B0      866         0
                cinit                              42A2     42A2       6C         0
                idataBANK2                         3E4A     3E4A       B4         0
                idataBANK1                         48DE     48DE        2         0

        CLASS   CONST          

        CLASS   SMALLCONST     
                smallconst                          800      800       44         0

        CLASS   MEDIUMCONST    

        CLASS   COMRAM         
                temp                                 41       41        1         1
                cstackCOMRAM                          1        1       23         1
                bssCOMRAM                            24       24       1D         1

        CLASS   ABS1           

        CLASS   BIGRAM         

        CLASS   RAM            

        CLASS   BANK0          
                cstackBANK0                          60       60       9A         1
                bssBANK0                             FA       FA        6         1

        CLASS   BANK1          
                cstackBANK1                         1CC      1CC       2C         1
                dataBANK1                           1F8      1F8        2         1
                bssBANK1                            100      100       CC         1

        CLASS   BANK2          
                dataBANK2                           200      200       B4         1

        CLASS   BANK3          

        CLASS   BANK4          

        CLASS   BANK5          

        CLASS   BANK6          

        CLASS   BANK7          

        CLASS   SFR            

        CLASS   BIGSFR         

        CLASS   CONFIG         
                config                           300000   300000        E         4

        CLASS   IDLOC          
                idloc                            200000   200000        8         5

        CLASS   EEDATA         

        CLASS   FARRAM         

        CLASS   HEAP           

        CLASS   STACK          



SEGMENTS        Name                           Load    Length   Top    Selector   Space  Class

                reset_vec                      000000  000004  000004         0       0  CODE    
                cstackCOMRAM                   000001  000041  000042         1       1  COMRAM  
                intcode                        000008  000006  00000E         4       0  CODE    
                intcodelo                      000018  00007C  000094         C       0  CODE    
                cstackBANK0                    000060  0000A0  000100        60       1  BANK0   
                bssBANK1                       000100  0000FA  0001FA       100       1  BANK1   
                dataBANK2                      000200  0000B4  0002B4       200       1  BANK2   
                smallconst                     000800  000044  000844       400       0  SMALLCON
                text9                          000844  00409E  0048E2       422       0  CODE    


UNUSED ADDRESS RANGES

        Name                Unused          Largest block    Delta
        BANK1            0001FA-0001FF                6
        BANK2            0002B4-0002FF               4C
        BANK3            000300-0003FF              100
        BANK4            000400-0004FF              100
        BANK5            000500-0005FF              100
        BANK6            000600-0006FF              100
        BANK7            000700-0007FF              100
        BIGRAM           000042-00005F               1E
                         0001FA-0001FF                6
                         0002B4-0007FF              54C
        BIGSFR           000F60-000FFF               A0
        CODE             000004-000007                4
                         00000E-000017                A
                         000094-0007FF              76C
                         0048E2-007FFF             371E
        COMRAM           000042-00005F               1E
        CONST            000004-000007                4
                         00000E-000017                A
                         000094-0007FF              76C
                         0048E2-007FFF             371E
        EEDATA           F00000-F000FF              100
        MEDIUMCONST      0048E2-007FFF             371E
        RAM              0001FA-0001FF                6
                         0002B4-0007FF              100
        SFR              000F60-000FFF               A0
        SMALLCONST       0048E2-007FFF              100

                                  Symbol Table

?_Leer_ADC                                     cstackCOMRAM 00001F
?___awdiv                                      cstackCOMRAM 00001F
?___awmod                                      cstackCOMRAM 00001F
?___fladd                                      cstackBANK0  000060
?___fldiv                                      cstackBANK0  000083
?___flmul                                      cstackBANK0  00006A
?___flneg                                      cstackCOMRAM 00001F
?___flsub                                      cstackBANK0  000083
?___fltol                                      cstackBANK0  00009C
?___fpclassifyf                                cstackCOMRAM 00001F
?___lldiv                                      cstackBANK0  000060
?___lwdiv                                      cstackCOMRAM 00001F
?___lwmod                                      cstackCOMRAM 00001F
?___wmul                                       cstackCOMRAM 00001F
?___xxtofl                                     cstackCOMRAM 00001F
?_abs                                          cstackBANK0  000062
?_floorf                                       cstackBANK0  00009C
?_labs                                         cstackCOMRAM 00001F
?_read_prec_or_width                           cstackBANK0  000062
?_sprintf                                      cstackBANK1  0001D2
?_vfprintf                                     cstackBANK1  0001CC
?i1___flmul                                    cstackCOMRAM 000001
?i1___fltol                                    cstackCOMRAM 000001
Asignar_Minutos_Timer0@minutos                 cstackBANK0  00006A
SPI_Enviar_Caracter@spi_tx                     cstackCOMRAM 00001F
UART_Enviar_Cadena@cadena                      cstackCOMRAM 000020
UART_Enviar_Caracter@dato                      cstackCOMRAM 00001F
_ADCON0bits                                    (abs)        000FC2
_ADCON1bits                                    (abs)        000FC1
_ADCON2bits                                    (abs)        000FC0
_ADRESH                                        (abs)        000FC4
_ADRESL                                        (abs)        000FC3
_ALARMA_ACTIVA                                 bssBANK1     000171
_Asignar_Minutos_Timer0                        text48       0048BC
_Atencion_Int_Timer_0                          text51       0041B0
_Atencion_Int_Timer_2                          text50       003B0C
_BAUDCONbits                                   (abs)        000FB8
_CONT_TIEMPO_CHEKEO                            bssBANK1     00014A
_CONT_TIEMPO_UMBRAL                            bssBANK1     00014C
_Configurar_ADC                                text47       004776
_Configurar_SPI                                text46       00484E
_Configurar_Timer0                             text45       0047F2
_Configurar_Timer2                             text44       004830
_DATOS_LISTOS_ADC_BAT                          bssBANK1     00016C
_DATOS_LISTOS_EMPAQUEADO                       bssBANK1     00016A
_DATOS_LISTOS_SENSOR_AFM                       bssBANK1     00016B
_FLANCO_NEG                                    bssBANK0     0000FE
_HABILITAR_LECTURA_SENSOR                      bssBANK1     00016E
_HABILITAR_TAREA_MINUTOS_SOL                   bssBANK1     000174
_HABILITAR_TASK0                               bssBANK0     0000FC
_HABILITAR_TASK1                               bssBANK0     0000FB
_HABILITAR_TASK10                              bssCOMRAM    00003A
_HABILITAR_TASK2                               bssBANK1     000177
_HABILITAR_TASK3                               bssBANK1     000176
_HABILITAR_TASK4                               bssBANK1     000175
_HABILITAR_TASK5                               bssCOMRAM    00003F
_HABILITAR_TASK6                               bssCOMRAM    00003E
_HABILITAR_TASK7                               bssCOMRAM    00003D
_HABILITAR_TASK8                               bssCOMRAM    00003C
_HABILITAR_TASK9                               bssCOMRAM    00003B
_HABILITAR_TX_DATOS_AFM                        bssBANK1     00016F
_HABILITAR_VERIFICAR_UMBRAL                    bssBANK1     00016D
_HABLILITAR_LECTURA_CH0                        bssBANK0     0000FF
_INTCON2bits                                   (abs)        000FF1
_INTCONbits                                    (abs)        000FF2
_IPR1bits                                      (abs)        000F9F
_Inicializar_Administrador_PIN                 text43       0047CA
_Inicializar_Oscilador                         text42       0048CE
_Inicializar_Sistema                           text40       004704
_Inicializar_UART                              text41       0048AA
_LATBbits                                      (abs)        000F8A
_Lectura_ADC_CH0                               bssBANK1     000168
_Lectura_Frecuencia_tx                         text39       00443C
_Lectura_Numero_Est                            text38       0043DA
_Leer_ADC                                      text37       004812
_NIVEL_UNBRAL_500MV                            dataBANK1    0001F8
_NUM_MINUTOS_T0                                bssBANK1     0001C8
_OSCCONbits                                    (abs)        000FD3
_PIE1bits                                      (abs)        000F9D
_PIR1bits                                      (abs)        000F9E
_PORTAbits                                     (abs)        000F80
_PORTBbits                                     (abs)        000F81
_PORTCbits                                     (abs)        000F82
_PR2                                           (abs)        000FCB
_RCONbits                                      (abs)        000FD0
_RCREG                                         (abs)        000FAE
_RCSTAbits                                     (abs)        000FAB
_SPBRG                                         (abs)        000FAF
_SPI_Enviar_Caracter                           text36       004868
_SPI_Recibir_Caracter                          text35       004896
_SSPBUF                                        (abs)        000FC9
_SSPCON1                                       (abs)        000FC6
_SSPCON1bits                                   (abs)        000FC6
_SSPSTAT                                       (abs)        000FC7
_SSPSTATbits                                   (abs)        000FC7
_T0CONbits                                     (abs)        000FD5
_T2CON                                         (abs)        000FCA
_T2CONbits                                     (abs)        000FCA
_TMR0H                                         (abs)        000FD7
_TMR0L                                         (abs)        000FD6
_TMR2                                          (abs)        000FCC
_TRISAbits                                     (abs)        000F92
_TRISBbits                                     (abs)        000F93
_TRISCbits                                     (abs)        000F94
_TXREG                                         (abs)        000FAD
_TXSTAbits                                     (abs)        000FAC
_UART_Enviar_Cadena                            text33       00449E
_UART_Enviar_Caracter                          text34       004880
_UCFGbits                                      (abs)        000F6F
_UCONbits                                      (abs)        000F6D
__HRAM                                         (abs)        000000
__H__absolute__                                __absolute__ 000000
__Habs1                                        abs1         000000
__Hbank0                                       bank0        000000
__Hbank1                                       bank1        000000
__Hbank2                                       bank2        000000
__Hbank3                                       bank3        000000
__Hbank4                                       bank4        000000
__Hbank5                                       bank5        000000
__Hbank6                                       bank6        000000
__Hbank7                                       bank7        000000
__Hbigbss                                      bigbss       000000
__Hbigdata                                     bigdata      000000
__Hbigram                                      bigram       000000
__Hbigsfr                                      bigsfr       000000
__Hbss                                         bss          000000
__HbssBANK0                                    bssBANK0     000000
__HbssBANK1                                    bssBANK1     000000
__HbssCOMRAM                                   bssCOMRAM    000000
__Hcinit                                       cinit        000000
__Hclrtext                                     clrtext      000000
__Hcomram                                      comram       000000
__Hconfig                                      config       30000E
__Hconst                                       const        000000
__HcstackBANK0                                 cstackBANK0  000000
__HcstackBANK1                                 cstackBANK1  000000
__HcstackCOMRAM                                cstackCOMRAM 000000
__Hdata                                        data         000000
__HdataBANK1                                   dataBANK1    000000
__HdataBANK2                                   dataBANK2    000000
__Heeprom_data                                 eeprom_data  000000
__Hfarbss                                      farbss       000000
__Hfardata                                     fardata      000000
__Hheap                                        heap         000000
__Hibigdata                                    ibigdata     000000
__Hidata                                       idata        000000
__HidataBANK1                                  idataBANK1   000000
__HidataBANK2                                  idataBANK2   000000
__Hidloc                                       idloc        200008
__Hifardata                                    ifardata     000000
__Hinit                                        init         000094
__Hintcode                                     intcode      00000E
__Hintcode_body                                intcode_body 000000
__Hintcodelo                                   intcodelo    000090
__Hintentry                                    intentry     000000
__Hintret                                      intret       000000
__Hintsave_regs                                intsave_regs 000000
__Hirdata                                      irdata       000000
__Hmediumconst                                 mediumconst  000000
__HnvFARRAM                                    nvFARRAM     000000
__Hnvbit                                       nvbit        000000
__Hnvrram                                      nvrram       000000
__Hparam                                       rparam       000000
__Hpowerup                                     powerup      000090
__Hram                                         ram          000000
__Hramtop                                      ramtop       000800
__Hrbit                                        rbit         000000
__Hrbss                                        rbss         000000
__Hrdata                                       rdata        000000
__Hreset_vec                                   reset_vec    000004
__Hrparam                                      rparam       000000
__Hsfr                                         sfr          000000
__Hsmallconst                                  smallconst   000844
__Hspace_0                                     (abs)        0048E2
__Hspace_1                                     (abs)        0002B4
__Hspace_2                                     (abs)        000000
__Hspace_4                                     (abs)        60000E
__Hstack                                       stack        000000
__Hstruct                                      struct       000000
__Htemp                                        temp         000042
__Htext                                        text         000000
__Htext0                                       text0        000000
__Htext1                                       text1        000000
__Htext10                                      text10       000000
__Htext11                                      text11       000000
__Htext12                                      text12       000000
__Htext13                                      text13       000000
__Htext14                                      text14       000000
__Htext15                                      text15       000000
__Htext16                                      text16       000000
__Htext17                                      text17       000000
__Htext18                                      text18       000000
__Htext19                                      text19       000000
__Htext2                                       text2        000000
__Htext20                                      text20       000000
__Htext21                                      text21       000000
__Htext22                                      text22       000000
__Htext23                                      text23       000000
__Htext24                                      text24       000000
__Htext25                                      text25       000000
__Htext26                                      text26       000000
__Htext27                                      text27       000000
__Htext28                                      text28       000000
__Htext29                                      text29       000000
__Htext3                                       text3        000000
__Htext30                                      text30       000000
__Htext31                                      text31       000000
__Htext32                                      text32       000000
__Htext33                                      text33       000000
__Htext34                                      text34       000000
__Htext35                                      text35       000000
__Htext36                                      text36       000000
__Htext37                                      text37       000000
__Htext38                                      text38       000000
__Htext39                                      text39       000000
__Htext4                                       text4        000000
__Htext40                                      text40       000000
__Htext41                                      text41       000000
__Htext42                                      text42       000000
__Htext43                                      text43       000000
__Htext44                                      text44       000000
__Htext45                                      text45       000000
__Htext46                                      text46       000000
__Htext47                                      text47       000000
__Htext48                                      text48       000000
__Htext5                                       text5        000000
__Htext50                                      text50       000000
__Htext51                                      text51       000000
__Htext52                                      text52       000000
__Htext53                                      text53       000000
__Htext6                                       text6        000000
__Htext7                                       text7        000000
__Htext8                                       text8        000000
__Htext9                                       text9        000000
__LRAM                                         (abs)        000001
__L__absolute__                                __absolute__ 000000
__Labs1                                        abs1         000000
__Lbank0                                       bank0        000000
__Lbank1                                       bank1        000000
__Lbank2                                       bank2        000000
__Lbank3                                       bank3        000000
__Lbank4                                       bank4        000000
__Lbank5                                       bank5        000000
__Lbank6                                       bank6        000000
__Lbank7                                       bank7        000000
__Lbigbss                                      bigbss       000000
__Lbigdata                                     bigdata      000000
__Lbigram                                      bigram       000000
__Lbigsfr                                      bigsfr       000000
__Lbss                                         bss          000000
__LbssBANK0                                    bssBANK0     000000
__LbssBANK1                                    bssBANK1     000000
__LbssCOMRAM                                   bssCOMRAM    000000
__Lcinit                                       cinit        000000
__Lclrtext                                     clrtext      000000
__Lcomram                                      comram       000000
__Lconfig                                      config       000000
__Lconst                                       const        000000
__LcstackBANK0                                 cstackBANK0  000000
__LcstackBANK1                                 cstackBANK1  000000
__LcstackCOMRAM                                cstackCOMRAM 000000
__Ldata                                        data         000000
__LdataBANK1                                   dataBANK1    000000
__LdataBANK2                                   dataBANK2    000000
__Leeprom_data                                 eeprom_data  000000
__Lfarbss                                      farbss       000000
__Lfardata                                     fardata      000000
__Lheap                                        heap         000000
__Libigdata                                    ibigdata     000000
__Lidata                                       idata        000000
__LidataBANK1                                  idataBANK1   000000
__LidataBANK2                                  idataBANK2   000000
__Lidloc                                       idloc        000000
__Lifardata                                    ifardata     000000
__Linit                                        init         000090
__Lintcode                                     intcode      000008
__Lintcode_body                                intcode_body 000000
__Lintcodelo                                   intcodelo    000018
__Lintentry                                    intentry     000000
__Lintret                                      intret       000000
__Lintsave_regs                                intsave_regs 000000
__Lirdata                                      irdata       000000
__Lmediumconst                                 mediumconst  000000
__LnvFARRAM                                    nvFARRAM     000000
__Lnvbit                                       nvbit        000000
__Lnvrram                                      nvrram       000000
__Lparam                                       rparam       000000
__Lpowerup                                     powerup      000090
__Lram                                         ram          000000
__Lramtop                                      ramtop       000800
__Lrbit                                        rbit         000000
__Lrbss                                        rbss         000000
__Lrdata                                       rdata        000000
__Lreset_vec                                   reset_vec    000000
__Lrparam                                      rparam       000000
__Lsfr                                         sfr          000000
__Lsmallconst                                  smallconst   000800
__Lspace_0                                     (abs)        000000
__Lspace_1                                     (abs)        000000
__Lspace_2                                     (abs)        000000
__Lspace_4                                     (abs)        000000
__Lstack                                       stack        000000
__Lstruct                                      struct       000000
__Ltemp                                        temp         000041
__Ltext                                        text         000000
__Ltext0                                       text0        000000
__Ltext1                                       text1        000000
__Ltext10                                      text10       000000
__Ltext11                                      text11       000000
__Ltext12                                      text12       000000
__Ltext13                                      text13       000000
__Ltext14                                      text14       000000
__Ltext15                                      text15       000000
__Ltext16                                      text16       000000
__Ltext17                                      text17       000000
__Ltext18                                      text18       000000
__Ltext19                                      text19       000000
__Ltext2                                       text2        000000
__Ltext20                                      text20       000000
__Ltext21                                      text21       000000
__Ltext22                                      text22       000000
__Ltext23                                      text23       000000
__Ltext24                                      text24       000000
__Ltext25                                      text25       000000
__Ltext26                                      text26       000000
__Ltext27                                      text27       000000
__Ltext28                                      text28       000000
__Ltext29                                      text29       000000
__Ltext3                                       text3        000000
__Ltext30                                      text30       000000
__Ltext31                                      text31       000000
__Ltext32                                      text32       000000
__Ltext33                                      text33       000000
__Ltext34                                      text34       000000
__Ltext35                                      text35       000000
__Ltext36                                      text36       000000
__Ltext37                                      text37       000000
__Ltext38                                      text38       000000
__Ltext39                                      text39       000000
__Ltext4                                       text4        000000
__Ltext40                                      text40       000000
__Ltext41                                      text41       000000
__Ltext42                                      text42       000000
__Ltext43                                      text43       000000
__Ltext44                                      text44       000000
__Ltext45                                      text45       000000
__Ltext46                                      text46       000000
__Ltext47                                      text47       000000
__Ltext48                                      text48       000000
__Ltext5                                       text5        000000
__Ltext50                                      text50       000000
__Ltext51                                      text51       000000
__Ltext52                                      text52       000000
__Ltext53                                      text53       000000
__Ltext6                                       text6        000000
__Ltext7                                       text7        000000
__Ltext8                                       text8        000000
__Ltext9                                       text9        000000
__S0                                           (abs)        0048E2
__S1                                           (abs)        0002B4
__S4                                           (abs)        000000
__S5                                           (abs)        000000
___awdiv                                       text30       003D84
___awdiv@counter                               cstackBANK0  000060
___awdiv@dividend                              cstackCOMRAM 00001F
___awdiv@divisor                               cstackCOMRAM 000021
___awdiv@quotient                              cstackBANK0  000062
___awdiv@sign                                  cstackBANK0  000061
___awmod                                       text29       003EFE
___awmod@counter                               cstackBANK0  000060
___awmod@dividend                              cstackCOMRAM 00001F
___awmod@divisor                               cstackCOMRAM 000021
___awmod@sign                                  cstackBANK0  000061
___fladd                                       text17       001B16
___fladd@a                                     cstackBANK0  000064
___fladd@aexp                                  cstackBANK0  000069
___fladd@b                                     cstackBANK0  000060
___fladd@bexp                                  cstackBANK0  00006A
___fladd@grs                                   cstackBANK0  00006B
___fladd@signs                                 cstackBANK0  000068
___fldiv                                       text22       002C8C
___fldiv@a                                     cstackBANK0  000087
___fldiv@aexp                                  cstackBANK0  00009B
___fldiv@b                                     cstackBANK0  000083
___fldiv@bexp                                  cstackBANK0  00009A
___fldiv@grs                                   cstackBANK0  000096
___fldiv@new_exp                               cstackBANK0  000094
___fldiv@rem                                   cstackBANK0  00008F
___fldiv@sign                                  cstackBANK0  000093
___fleq                                        text21       00405E
___fleq@ff1                                    cstackBANK0  000060
___fleq@ff2                                    cstackBANK0  000064
___flge                                        text20       003800
___flge@ff1                                    cstackBANK0  000083
___flge@ff2                                    cstackBANK0  000087
___flmul                                       text19       002436
___flmul@a                                     cstackBANK0  00006E
___flmul@aexp                                  cstackBANK0  000077
___flmul@b                                     cstackBANK0  00006A
___flmul@bexp                                  cstackBANK0  00007C
___flmul@grs                                   cstackBANK0  000078
___flmul@prod                                  cstackBANK0  00007D
___flmul@sign                                  cstackBANK0  000076
___flmul@temp                                  cstackBANK0  000081
___flneg                                       text18       00473E
___flneg@f1                                    cstackCOMRAM 00001F
___flsub                                       text16       0045F0
___flsub@a                                     cstackBANK0  000087
___flsub@b                                     cstackBANK0  000083
___fltol                                       text15       0036F8
___fltol@exp1                                  cstackBANK0  0000A5
___fltol@f1                                    cstackBANK0  00009C
___fltol@sign1                                 cstackBANK0  0000A4
___fpclassifyf                                 text14       003A0C
___fpclassifyf@F465                            bssBANK1     000116
___fpclassifyf@e                               cstackBANK0  000064
___fpclassifyf@u                               cstackBANK0  000066
___fpclassifyf@x                               cstackCOMRAM 00001F
___heap_hi                                     (abs)        000000
___heap_lo                                     (abs)        000000
___inthi_sp                                    stack        000000
___intlo_sp                                    stack        000000
___lldiv                                       text32       00410A
___lldiv@counter                               cstackCOMRAM 000023
___lldiv@dividend                              cstackBANK0  000060
___lldiv@divisor                               cstackBANK0  000064
___lldiv@quotient                              cstackCOMRAM 00001F
___lwdiv                                       text6        00422C
___lwdiv@counter                               cstackBANK0  000060
___lwdiv@dividend                              cstackCOMRAM 00001F
___lwdiv@divisor                               cstackCOMRAM 000021
___lwdiv@quotient                              cstackBANK0  000061
___lwmod                                       text5        004376
___lwmod@counter                               cstackCOMRAM 000023
___lwmod@dividend                              cstackCOMRAM 00001F
___lwmod@divisor                               cstackCOMRAM 000021
___param_bank                                  (abs)        000000
___rparam_used                                 (abs)        000001
___sp                                          stack        000000
___wmul                                        text8        0047A2
___wmul@multiplicand                           cstackCOMRAM 000021
___wmul@multiplier                             cstackCOMRAM 00001F
___wmul@product                                cstackBANK0  000060
___xxtofl                                      text31       003410
___xxtofl@arg                                  cstackBANK0  000066
___xxtofl@exp                                  cstackBANK0  000065
___xxtofl@sign                                 cstackBANK0  000064
___xxtofl@val                                  cstackCOMRAM 00001F
__accesstop                                    (abs)        000060
__activetblptr                                 (abs)        000002
__end_of_Asignar_Minutos_Timer0                text48       0048CE
__end_of_Atencion_Int_Timer_0                  text51       00422C
__end_of_Atencion_Int_Timer_2                  text50       003BEC
__end_of_Configurar_ADC                        text47       0047A2
__end_of_Configurar_SPI                        text46       004868
__end_of_Configurar_Timer0                     text45       004812
__end_of_Configurar_Timer2                     text44       00484E
__end_of_Inicializar_Administrador_PIN         text43       0047F2
__end_of_Inicializar_Oscilador                 text42       0048D8
__end_of_Inicializar_Sistema                   text40       00473E
__end_of_Inicializar_UART                      text41       0048BC
__end_of_Lectura_Frecuencia_tx                 text39       00449E
__end_of_Lectura_Numero_Est                    text38       00443C
__end_of_Leer_ADC                              text37       004830
__end_of_SPI_Enviar_Caracter                   text36       004880
__end_of_SPI_Recibir_Caracter                  text35       0048AA
__end_of_UART_Enviar_Cadena                    text33       0044FC
__end_of_UART_Enviar_Caracter                  text34       004896
__end_of___awdiv                               text30       003E4A
__end_of___awmod                               text29       003FB0
__end_of___fladd                               text17       001FD8
__end_of___fldiv                               text22       003028
__end_of___fleq                                text21       00410A
__end_of___flge                                text20       003906
__end_of___flmul                               text19       002862
__end_of___flneg                               text18       004776
__end_of___flsub                               text16       004638
__end_of___fltol                               text15       003800
__end_of___fpclassifyf                         text14       003B0C
__end_of___lldiv                               text32       0041B0
__end_of___lwdiv                               text6        0042A2
__end_of___lwmod                               text5        0043DA
__end_of___wmul                                text8        0047CA
__end_of___xxtofl                              text31       0035C8
__end_of__initialization                       cinit        004300
__end_of_abs                                   text28       004704
__end_of_dtoa                                  text23       003410
__end_of_efgtoa                                text9        0012B0
__end_of_floorf                                text13       00323E
__end_of_fputc                                 text26       003CBA
__end_of_fputs                                 text25       004680
__end_of_high_isr                              intcode_body 0048DE
__end_of_labs                                  text12       004376
__end_of_low_isr                               intcodelo    000090
__end_of_main                                  text0        001B16
__end_of_memcpy                                text11       0045A0
__end_of_pad                                   text24       00405E
__end_of_putch                                 text27       0048E2
__end_of_read_prec_or_width                    text7        003D84
__end_of_sprintf                               text1        0045F0
__end_of_strcpy                                text10       0046C2
__end_of_utoa                                  text4        0036F8
__end_of_vfpfcnvrt                             text3        002436
__end_of_vfprintf                              text2        00454E
__end_ofi1___flmul                             text53       002C8C
__end_ofi1___fltol                             text52       003A0C
__initialization                               cinit        0042A2
__mediumconst                                  mediumconst  000000
__pbssBANK0                                    bssBANK0     0000FA
__pbssBANK1                                    bssBANK1     000100
__pbssCOMRAM                                   bssCOMRAM    000024
__pcinit                                       cinit        0042A2
__pcstackBANK0                                 cstackBANK0  000060
__pcstackBANK1                                 cstackBANK1  0001CC
__pcstackCOMRAM                                cstackCOMRAM 000001
__pdataBANK1                                   dataBANK1    0001F8
__pdataBANK2                                   dataBANK2    000200
__pidataBANK1                                  idataBANK1   0048DE
__pidataBANK2                                  idataBANK2   003E4A
__pintcode                                     intcode      000008
__pintcode_body                                intcode_body 0048D8
__pintcodelo                                   intcodelo    000018
__psmallconst                                  smallconst   000800
__ptext0                                       text0        0012B0
__ptext1                                       text1        0045A0
__ptext10                                      text10       004680
__ptext11                                      text11       00454E
__ptext12                                      text12       00430E
__ptext13                                      text13       003028
__ptext14                                      text14       003A0C
__ptext15                                      text15       0036F8
__ptext16                                      text16       0045F0
__ptext17                                      text17       001B16
__ptext18                                      text18       00473E
__ptext19                                      text19       002436
__ptext2                                       text2        0044FC
__ptext20                                      text20       003800
__ptext21                                      text21       00405E
__ptext22                                      text22       002C8C
__ptext23                                      text23       00323E
__ptext24                                      text24       003FB0
__ptext25                                      text25       004638
__ptext26                                      text26       003BEC
__ptext27                                      text27       0048E0
__ptext28                                      text28       0046C2
__ptext29                                      text29       003EFE
__ptext3                                       text3        001FD8
__ptext30                                      text30       003D84
__ptext31                                      text31       003410
__ptext32                                      text32       00410A
__ptext33                                      text33       00449E
__ptext34                                      text34       004880
__ptext35                                      text35       004896
__ptext36                                      text36       004868
__ptext37                                      text37       004812
__ptext38                                      text38       0043DA
__ptext39                                      text39       00443C
__ptext4                                       text4        0035C8
__ptext40                                      text40       004704
__ptext41                                      text41       0048AA
__ptext42                                      text42       0048CE
__ptext43                                      text43       0047CA
__ptext44                                      text44       004830
__ptext45                                      text45       0047F2
__ptext46                                      text46       00484E
__ptext47                                      text47       004776
__ptext48                                      text48       0048BC
__ptext5                                       text5        004376
__ptext50                                      text50       003B0C
__ptext51                                      text51       0041B0
__ptext52                                      text52       003906
__ptext53                                      text53       002862
__ptext6                                       text6        00422C
__ptext7                                       text7        003CBA
__ptext8                                       text8        0047A2
__ptext9                                       text9        000844
__ramtop                                       ramtop       000800
__smallconst                                   smallconst   000800
_abs                                           text28       0046C2
_check_sum_valor_calculado                     bssBANK1     000150
_cont_task0                                    bssCOMRAM    000032
_cont_task1                                    bssCOMRAM    000030
_cont_task10                                   bssBANK1     00015E
_cont_task2                                    bssCOMRAM    00002E
_cont_task3                                    bssCOMRAM    00002C
_cont_task4                                    bssCOMRAM    00002A
_cont_task5                                    bssCOMRAM    000028
_cont_task6                                    bssBANK1     000166
_cont_task7                                    bssBANK1     000164
_cont_task8                                    bssBANK1     000162
_cont_task9                                    bssBANK1     000160
_contador_lectura_adc@interrupt_manager$F657   bssBANK1     000172
_contador_minutos_t0                           bssCOMRAM    000034
_contador_pluviometro                          bssBANK0     0000FD
_dato_recibido                                 bssCOMRAM    000039
_dato_spi_full_band                            bssBANK1     00012E
_dato_spi_high_band                            bssBANK1     000126
_dato_spi_low_band                             bssBANK1     00012A
_dato_spi_temp_f                               bssBANK1     00015C
_dato_spi_temp_h                               bssBANK1     000158
_dato_spi_temp_l                               bssBANK1     00015A
_datos_afm_full_str                            bssBANK1     00010C
_datos_afm_high_str                            bssBANK1     000100
_datos_afm_low_str                             bssBANK1     000106
_datos_sensores_afm_pc                         dataBANK2    00025A
_datos_sensores_afm_radio                      dataBANK2    000200
_dbuf                                          bssBANK1     000178
_dtoa                                          text23       00323E
_dtoa$2512                                     cstackBANK0  00007A
_efgtoa                                        text9        000844
_efgtoa$2543                                   cstackBANK0  0000BF
_flags                                         bssCOMRAM    000036
_floorf                                        text13       003028
_fputc                                         text26       003BEC
_fputs                                         text25       004638
_frec_tx_datos                                 bssBANK0     0000FA
_frecuencia_tx_datos_pc                        bssBANK1     000170
_high_isr                                      intcode      000008
_labs                                          text12       00430E
_lectura_sensor_full_band                      bssBANK1     000156
_lectura_sensor_high_band                      bssBANK1     000152
_lectura_sensor_low_band                       bssBANK1     000154
_lectura_sensor_low_band_test                  bssBANK1     00014E
_longitud_paq_datos                            bssCOMRAM    000038
_low_isr                                       intcodelo    000018
_main                                          text0        0012B0
_medida_nivel_bateria_dec                      bssBANK1     000146
_medida_nivel_bateria_flt                      bssBANK1     000122
_medida_nivel_bateria_pc                       bssBANK1     000148
_memcpy                                        text11       00454E
_num_de_estacion                               bssBANK1     000173
_pad                                           text24       003FB0
_prec                                          bssCOMRAM    000026
_putch                                         text27       0048E0
_read_prec_or_width                            text7        003CBA
_resultado_adc_flotante@interrupt_manager$F659 bssBANK1     000132
_sprintf                                       text1        0045A0
_strcpy                                        text10       004680
_suma_lectura_adc@interrupt_manager$F658       bssBANK1     000136
_temp_num_minutos_t0                           bssBANK1     00013A
_utoa                                          text4        0035C8
_vfpfcnvrt                                     text3        001FD8
_vfprintf                                      text2        0044FC
_width                                         bssCOMRAM    000024
abs@a                                          cstackBANK0  000062
btemp                                          temp         000041
dtoa@d                                         cstackBANK0  000078
dtoa@fp                                        cstackBANK0  000076
dtoa@i                                         cstackBANK0  000081
dtoa@p                                         cstackBANK0  00007C
dtoa@s                                         cstackBANK0  000080
dtoa@w                                         cstackBANK0  00007E
efgtoa@c                                       cstackBANK0  0000B6
efgtoa@d                                       cstackBANK0  0000C4
efgtoa@e                                       cstackBANK0  0000C8
efgtoa@f                                       cstackBANK0  0000B2
efgtoa@fp                                      cstackBANK0  0000B0
efgtoa@g                                       cstackBANK0  0000DB
efgtoa@h                                       cstackBANK0  0000D0
efgtoa@i                                       cstackBANK0  0000D8
efgtoa@l                                       cstackBANK0  0000D4
efgtoa@m                                       cstackBANK0  0000C6
efgtoa@mode                                    cstackBANK0  0000C2
efgtoa@n                                       cstackBANK0  0000DF
efgtoa@ne                                      cstackBANK0  0000B9
efgtoa@nmode                                   cstackBANK0  0000C3
efgtoa@ou                                      cstackBANK0  0000CA
efgtoa@p                                       cstackBANK0  0000BB
efgtoa@pp                                      cstackBANK0  0000C1
efgtoa@sign                                    cstackBANK0  0000DA
efgtoa@t                                       cstackBANK0  0000BD
efgtoa@u                                       cstackBANK0  0000E1
efgtoa@w                                       cstackBANK0  0000CE
end_of_initialization                          cinit        004300
floorf@F526                                    bssBANK1     000112
floorf@e                                       cstackBANK0  0000AA
floorf@m                                       cstackBANK0  0000A6
floorf@u                                       cstackBANK0  0000AC
floorf@x                                       cstackBANK0  00009C
fputc@c                                        cstackCOMRAM 00001F
fputc@fp                                       cstackCOMRAM 000021
fputs@c                                        cstackBANK0  000069
fputs@fp                                       cstackBANK0  000067
fputs@i                                        cstackBANK0  00006A
fputs@s                                        cstackBANK0  000065
i1___flmul                                     text53       002862
i1___flmul@a                                   cstackCOMRAM 000005
i1___flmul@aexp                                cstackCOMRAM 000012
i1___flmul@b                                   cstackCOMRAM 000001
i1___flmul@bexp                                cstackCOMRAM 000013
i1___flmul@grs                                 cstackCOMRAM 00000E
i1___flmul@prod                                cstackCOMRAM 000014
i1___flmul@sign                                cstackCOMRAM 00000D
i1___flmul@temp                                cstackCOMRAM 000018
i1___fltol                                     text52       003906
i1___fltol@exp1                                cstackCOMRAM 00000A
i1___fltol@f1                                  cstackCOMRAM 000001
i1___fltol@sign1                               cstackCOMRAM 000009
int$flags                                      temp         000041
int_func                                       intcode_body 0048D8
intlevel0                                      text         000000
intlevel1                                      text         000000
intlevel2                                      text         000000
intlevel3                                      text         000000
isa$std                                        (abs)        000001
isa$xinst                                      (abs)        000000
labs@a                                         cstackCOMRAM 00001F
main@i                                         cstackBANK0  0000F9
memcpy@d                                       cstackCOMRAM 000020
memcpy@d1                                      cstackBANK0  000060
memcpy@n                                       cstackBANK0  000064
memcpy@s                                       cstackCOMRAM 000022
memcpy@s1                                      cstackBANK0  000062
memcpy@tmp                                     cstackCOMRAM 00001F
pad@buf                                        cstackBANK0  00006E
pad@fp                                         cstackBANK0  00006C
pad@i                                          cstackBANK0  000072
pad@p                                          cstackBANK0  000070
pad@w                                          cstackBANK0  000074
read_prec_or_width@ap                          cstackBANK0  000064
read_prec_or_width@c                           cstackBANK0  000068
read_prec_or_width@fmt                         cstackBANK0  000062
read_prec_or_width@n                           cstackBANK0  000069
sprintf@ap                                     cstackBANK1  0001EA
sprintf@f                                      cstackBANK1  0001EC
sprintf@fmt                                    cstackBANK1  0001D4
sprintf@s                                      cstackBANK1  0001D2
stackhi                                        (abs)        000000
stacklo                                        (abs)        000000
start                                          init         000090
start_initialization                           cinit        0042A2
strcpy@d                                       cstackBANK0  000062
strcpy@dest                                    cstackCOMRAM 00001F
strcpy@s                                       cstackBANK0  000060
strcpy@src                                     cstackCOMRAM 000021
ttemp5                                         temp         000042
ttemp6                                         temp         000045
ttemp7                                         temp         000049
utoa@d                                         cstackBANK0  000078
utoa@fp                                        cstackBANK0  000076
utoa@i                                         cstackBANK0  00007E
utoa@p                                         cstackBANK0  00007A
utoa@w                                         cstackBANK0  00007C
vfpfcnvrt@ap                                   cstackBANK0  0000E9
vfpfcnvrt@c                                    cstackBANK0  0000EF
vfpfcnvrt@convarg                              cstackBANK0  0000F0
vfpfcnvrt@cp                                   cstackBANK0  0000F4
vfpfcnvrt@done                                 cstackBANK0  0000ED
vfpfcnvrt@fmt                                  cstackBANK0  0000E7
vfpfcnvrt@fp                                   cstackBANK0  0000E5
vfprintf@ap                                    cstackBANK1  0001D0
vfprintf@cfmt                                  cstackBANK0  0000F6
vfprintf@fmt                                   cstackBANK1  0001CE
vfprintf@fp                                    cstackBANK1  0001CC
wtemp8                                         temp         000042


MODULE INFORMATION

Module		Function		Class		Link	Load	Size
C:\Program Files\Microchip\xc8\v2.41\pic\sources\c99\common\__fpclassifyf.c
		___fpclassifyf 		CODE           	3A0C	0000	256

C:\Program Files\Microchip\xc8\v2.41\pic\sources\c99\common\__fpclassifyf.c estimated size: 256

C:\Program Files\Microchip\xc8\v2.41\pic\sources\c99\common\awmod.c
		___awmod       		CODE           	3EFE	0000	178

C:\Program Files\Microchip\xc8\v2.41\pic\sources\c99\common\awmod.c estimated size: 178

C:\Program Files\Microchip\xc8\v2.41\pic\sources\c99\common\floorf.c
		_floorf        		CODE           	3028	0000	534

C:\Program Files\Microchip\xc8\v2.41\pic\sources\c99\common\floorf.c estimated size: 534

serial.c
		_UART_Enviar_Cadena		CODE           	449E	0000	94
		_UART_Enviar_Caracter		CODE           	4880	0000	22
		_Inicializar_UART		CODE           	48AA	0000	18

serial.c estimated size: 134

timers.c
		_Asignar_Minutos_Timer0		CODE           	48BC	0000	18
		_Configurar_Timer0		CODE           	47F2	0000	32
		_Configurar_Timer2		CODE           	4830	0000	30

timers.c estimated size: 80

C:\Program Files\Microchip\xc8\v2.41\pic\sources\c99\common\flge.c
		___flge        		CODE           	3800	0000	262

C:\Program Files\Microchip\xc8\v2.41\pic\sources\c99\common\flge.c estimated size: 262

C:\Program Files\Microchip\xc8\v2.41\pic\sources\c99\common\fltol.c
		___fltol       		CODE           	36F8	0000	264

C:\Program Files\Microchip\xc8\v2.41\pic\sources\c99\common\fltol.c estimated size: 264

C:\Program Files\Microchip\xc8\v2.41\pic\sources\c99\common\xxtofl.c
		___xxtofl      		CODE           	3410	0000	440

C:\Program Files\Microchip\xc8\v2.41\pic\sources\c99\common\xxtofl.c estimated size: 440

C:\Program Files\Microchip\xc8\v2.41\pic\sources\c99\common\__lldiv.c
		___lldiv       		CODE           	410A	0000	166

C:\Program Files\Microchip\xc8\v2.41\pic\sources\c99\common\__lldiv.c estimated size: 166

C:\Program Files\Microchip\xc8\v2.41\pic\sources\c99\common\nf_fputc.c
		_fputc         		CODE           	3BEC	0000	206

C:\Program Files\Microchip\xc8\v2.41\pic\sources\c99\common\nf_fputc.c estimated size: 206

C:\Program Files\Microchip\xc8\v2.41\pic\sources\c99\common\strcpy.c
		_strcpy        		CODE           	4680	0000	66

C:\Program Files\Microchip\xc8\v2.41\pic\sources\c99\common\strcpy.c estimated size: 66

C:\Program Files\Microchip\xc8\v2.41\pic\sources\c99\common\nf_sprintf.c
		_sprintf       		CODE           	45A0	0000	80

C:\Program Files\Microchip\xc8\v2.41\pic\sources\c99\common\nf_sprintf.c estimated size: 80

C:\Program Files\Microchip\xc8\v2.41\pic\sources\c99\common\sprcadd.c
		___flsub       		CODE           	45F0	0000	72
		___fladd       		CODE           	1B16	0000	1218

C:\Program Files\Microchip\xc8\v2.41\pic\sources\c99\common\sprcadd.c estimated size: 1290

C:\Program Files\Microchip\xc8\v2.41\pic\sources\c99\common\lwdiv.c
		___lwdiv       		CODE           	422C	0000	118

C:\Program Files\Microchip\xc8\v2.41\pic\sources\c99\common\lwdiv.c estimated size: 118

C:\Program Files\Microchip\xc8\v2.41\pic\sources\c99\common\awdiv.c
		___awdiv       		CODE           	3D84	0000	198

C:\Program Files\Microchip\xc8\v2.41\pic\sources\c99\common\awdiv.c estimated size: 198

C:\Program Files\Microchip\xc8\v2.41\pic\sources\c99\common\abs.c
		_abs           		CODE           	46C2	0000	66

C:\Program Files\Microchip\xc8\v2.41\pic\sources\c99\common\abs.c estimated size: 66

C:\Program Files\Microchip\xc8\v2.41\pic\sources\c99\common\doprnt.c
		_read_prec_or_width		CODE           	3CBA	0000	202
		_vfpfcnvrt     		CODE           	1FD8	0000	1118
		_efgtoa        		CODE           	0844	0000	2668
		_pad           		CODE           	3FB0	0000	174
		_dtoa          		CODE           	323E	0000	466
		_vfprintf      		CODE           	44FC	0000	82
		_utoa          		CODE           	35C8	0000	304

C:\Program Files\Microchip\xc8\v2.41\pic\sources\c99\common\doprnt.c estimated size: 5014

device_config.c
		_Inicializar_Oscilador		CODE           	48CE	0000	10

device_config.c estimated size: 10

adc.c
		_Leer_ADC      		CODE           	4812	0000	30
		_Configurar_ADC		CODE           	4776	0000	44

adc.c estimated size: 74

C:\Program Files\Microchip\xc8\v2.41\pic\sources\c99\common\flneg.c
		___flneg       		CODE           	473E	0000	56

C:\Program Files\Microchip\xc8\v2.41\pic\sources\c99\common\flneg.c estimated size: 56

C:\Program Files\Microchip\xc8\v2.41\pic\sources\c99\common\fleq.c
		___fleq        		CODE           	405E	0000	172

C:\Program Files\Microchip\xc8\v2.41\pic\sources\c99\common\fleq.c estimated size: 172

spi.c
		_SPI_Enviar_Caracter		CODE           	4868	0000	24
		_SPI_Recibir_Caracter		CODE           	4896	0000	20
		_Configurar_SPI		CODE           	484E	0000	26

spi.c estimated size: 70

shared
		i1___fltol     		CODE           	3906	0000	262
		__initialization		CODE           	42A2	0000	94
		i1___flmul     		CODE           	2862	0000	1066

shared estimated size: 1422

C:\Program Files\Microchip\xc8\v2.41\pic\sources\c99\common\memcpy.c
		_memcpy        		CODE           	454E	0000	82

C:\Program Files\Microchip\xc8\v2.41\pic\sources\c99\common\memcpy.c estimated size: 82

mcc.c
		_Inicializar_Sistema		CODE           	4704	0000	58

mcc.c estimated size: 58

interrupt_manager.c
		_high_isr      		CODE           	0008	0000	12
		_Atencion_Int_Timer_0		CODE           	41B0	0000	124
		_Atencion_Int_Timer_2		CODE           	3B0C	0000	224
		_low_isr       		CODE           	0018	0000	120

interrupt_manager.c estimated size: 480

C:\Program Files\Microchip\xc8\v2.41\pic\sources\c99\common\Umul16.c
		___wmul        		CODE           	47A2	0000	40

C:\Program Files\Microchip\xc8\v2.41\pic\sources\c99\common\Umul16.c estimated size: 40

C:\Program Files\Microchip\xc8\v2.41\pic\sources\c99\common\putch.c
		_putch         		CODE           	48E0	0000	2

C:\Program Files\Microchip\xc8\v2.41\pic\sources\c99\common\putch.c estimated size: 2

C:\Program Files\Microchip\xc8\v2.41\pic\sources\c99\common\nf_fputs.c
		_fputs         		CODE           	4638	0000	72

C:\Program Files\Microchip\xc8\v2.41\pic\sources\c99\common\nf_fputs.c estimated size: 72

pin_manager.c
		_Lectura_Numero_Est		CODE           	43DA	0000	98
		_Inicializar_Administrador_PIN		CODE           	47CA	0000	40
		_Lectura_Frecuencia_tx		CODE           	443C	0000	98

pin_manager.c estimated size: 236

C:\Program Files\Microchip\xc8\v2.41\pic\sources\c99\common\labs.c
		_labs          		CODE           	430E	0000	104

C:\Program Files\Microchip\xc8\v2.41\pic\sources\c99\common\labs.c estimated size: 104

main.c
		_main          		CODE           	12B0	0000	2150

main.c estimated size: 2150

C:\Program Files\Microchip\xc8\v2.41\pic\sources\c99\common\sprcmul.c
		___flmul       		CODE           	2436	0000	1068

C:\Program Files\Microchip\xc8\v2.41\pic\sources\c99\common\sprcmul.c estimated size: 1068

C:\Program Files\Microchip\xc8\v2.41\pic\sources\c99\common\sprcdiv.c
		___fldiv       		CODE           	2C8C	0000	924

C:\Program Files\Microchip\xc8\v2.41\pic\sources\c99\common\sprcdiv.c estimated size: 924

C:\Program Files\Microchip\xc8\v2.41\pic\sources\c99\common\lwmod.c
		___lwmod       		CODE           	4376	0000	100

C:\Program Files\Microchip\xc8\v2.41\pic\sources\c99\common\lwmod.c estimated size: 100

