Microchip MPLAB XC8 Compiler V2.41

Linker command line:

-W-3 \
  --edf=C:\Program Files\Microchip\xc8\v2.41\pic\dat\20230208172133_en.msgs \
  -cn -h+dist/PIC18F2550_OPT/production\afm_ver_2.X.production.sym \
  --cmf=dist/PIC18F2550_OPT/production\afm_ver_2.X.production.cmf -z \
  -Q18F2550 -oC:\Users\Lab\AppData\Local\Temp\xcCs5tg.2\driver_tmp_3.o \
  --defsym=__MPLAB_BUILD=1 --fixupoverflow=error \
  -Mdist/PIC18F2550_OPT/production/afm_ver_2.X.production.map \
  --md=C:\Users\Lab\AppData\Local\Temp\xcCs5tg.2\driver_tmp_0.dat -E1 \
  -ver=XC8 Compiler --acfsm=1493 -ACODE=00h-07FFFh -ACONST=00h-07FFFh \
  -ASMALLCONST=0800h-08FFhx120 -AMEDIUMCONST=0800h-07FFFh -ACOMRAM=01h-05Fh \
  -AABS1=00h-07FFh -ABIGRAM=01h-07FFh -ARAM=060h-0FFh,0100h-01FFhx7 \
  -ABANK0=060h-0FFh -ABANK1=0100h-01FFh -ABANK2=0200h-02FFh \
  -ABANK3=0300h-03FFh -ABANK4=0400h-04FFh -ABANK5=0500h-05FFh \
  -ABANK6=0600h-06FFh -ABANK7=0700h-07FFh -ASFR=0F60h-0FFFh \
  -ABIGSFR=0F60h-0FFFh -ACONFIG=0300000h-030000Dh -AIDLOC=0200000h-0200007h \
  -AEEDATA=0F00000h-0F000FFh -peeprom_data=EEDATA \
  -preset_vec=00h,intcode=08h,intcodelo=018h,powerup,init -pramtop=0800h \
  -psmallconst=SMALLCONST -pmediumconst=MEDIUMCONST -pconst=CONST \
  -AFARRAM=00h-00h \
  -prdata=COMRAM,nvrram=COMRAM,nvbit=COMRAM,rbss=COMRAM,rbit=COMRAM \
  -pfarbss=FARRAM,fardata=FARRAM,nvFARRAM=FARRAM \
  -pintsave_regs=BIGRAM,bigbss=BIGRAM,bigdata=BIGRAM -pbss=RAM \
  -pidata=CODE,irdata=CODE,ibigdata=CODE,ifardata=CODE -prparam=COMRAM \
  C:\Users\Lab\AppData\Local\Temp\xcCs5tg.2\driver_tmp_14.o \
  dist/PIC18F2550_OPT/production\afm_ver_2.X.production.o 

Object code version is 3.11

Machine type is 18F2550



                Name                               Link     Load   Length Selector   Space Scale
C:\Users\Lab\AppData\Local\Temp\xcCs5tg.2\driver_tmp_14.o
                idloc                            200000   200000        8        0       5
                config                           300000   300000        E        0       4
                init                                 62       62        4        C       0
                reset_vec                             0        0        4        0       0
dist/PIC18F2550_OPT/production\afm_ver_2.X.production.o
                intcodelo                            18       18       4A        C       0
                intcode                               8        8        6        4       0
                idloc                            200000   200000        8        0       5
                config                           300000   300000        E        0       4
                temp                                 41       41        1        1       1
                smallconst                          800      800       30      400       0
                intcode_body                       281A     281A        6      418       0
                text42                             12CC     12CC      32C      418       0
                text41                             1F00     1F00       BA      418       0
                text40                             2392     2392       70      418       0
                text39                             1FBA     1FBA       A4      418       0
                text37                             27DA     27DA       12      418       0
                text36                             26E0     26E0       2C      418       0
                text35                             2798     2798       1A      418       0
                text34                             275A     275A       20      418       0
                text33                             277A     277A       1E      418       0
                text32                             270C     270C       28      418       0
                text31                             2810     2810        A      418       0
                text30                             27C6     27C6       14      418       0
                text29                             263C     263C       3A      418       0
                text28                             25BC     25BC       42      418       0
                text27                             257A     257A       42      418       0
                text26                             27B2     27B2       14      418       0
                text25                             27EC     27EC        E      418       0
                text24                             2806     2806        A      418       0
                text23                             27FA     27FA        C      418       0
                text22                             2454     2454       52      418       0
                text21                             15F8     15F8      322      418       0
                text20                              FA0      FA0      32C      418       0
                text19                             1E42     1E42       BE      418       0
                text18                             2222     2222       82      418       0
                text17                             1C26     1C26      142      418       0
                text16                             219E     219E       84      418       0
                text15                             2322     2322       70      418       0
                text14                             26AE     26AE       32      418       0
                text13                             2822     2822        2      418       0
                text12                             20FE     20FE       A0      418       0
                text11                             2676     2676       38      418       0
                text10                             22A4     22A4       7E      418       0
                text9                              1ADE     1ADE      148      418       0
                text8                              2734     2734       26      418       0
                text7                              205E     205E       A0      418       0
                text6                              2402     2402       52      418       0
                text5                              2538     2538       42      418       0
                text4                              1D68     1D68       DA      418       0
                text3                              191A     191A      1C4      418       0
                text2                              25FE     25FE       3E      418       0
                text1                              24F0     24F0       48      418       0
                text0                               830      830      770      418       0
                cstackCOMRAM                          1        1       23        1       1
                cstackBANK0                          C8       C8       36       60       1
                cstackBANK1                         1A1      1A1       26      100       1
                bssBANK1                            100      100       A1      100       1
                dataBANK0                            FE       FE        2       60       1
                bssBANK0                             60       60       68       60       1
                bssCOMRAM                            24       24       1D        1       1
                cinit                              24A6     24A6       4A      418       0
                idataBANK0                         2820     2820        2      418       0

TOTAL           Name                               Link     Load   Length     Space
        CLASS   CODE           
                intcodelo                            18       18       4A         0
                intcode                               8        8        6         0
                init                                 62       62        4         0
                reset_vec                             0        0        4         0
                intcode_body                       281A     281A        6         0
                text42                             12CC     12CC      32C         0
                text41                             1F00     1F00       BA         0
                text40                             2392     2392       70         0
                text39                             1FBA     1FBA       A4         0
                text37                             27DA     27DA       12         0
                text36                             26E0     26E0       2C         0
                text35                             2798     2798       1A         0
                text34                             275A     275A       20         0
                text33                             277A     277A       1E         0
                text32                             270C     270C       28         0
                text31                             2810     2810        A         0
                text30                             27C6     27C6       14         0
                text29                             263C     263C       3A         0
                text28                             25BC     25BC       42         0
                text27                             257A     257A       42         0
                text26                             27B2     27B2       14         0
                text25                             27EC     27EC        E         0
                text24                             2806     2806        A         0
                text23                             27FA     27FA        C         0
                text22                             2454     2454       52         0
                text21                             15F8     15F8      322         0
                text20                              FA0      FA0      32C         0
                text19                             1E42     1E42       BE         0
                text18                             2222     2222       82         0
                text17                             1C26     1C26      142         0
                text16                             219E     219E       84         0
                text15                             2322     2322       70         0
                text14                             26AE     26AE       32         0
                text13                             2822     2822        2         0
                text12                             20FE     20FE       A0         0
                text11                             2676     2676       38         0
                text10                             22A4     22A4       7E         0
                text9                              1ADE     1ADE      148         0
                text8                              2734     2734       26         0
                text7                              205E     205E       A0         0
                text6                              2402     2402       52         0
                text5                              2538     2538       42         0
                text4                              1D68     1D68       DA         0
                text3                              191A     191A      1C4         0
                text2                              25FE     25FE       3E         0
                text1                              24F0     24F0       48         0
                text0                               830      830      770         0
                cinit                              24A6     24A6       4A         0
                idataBANK0                         2820     2820        2         0

        CLASS   CONST          

        CLASS   SMALLCONST     
                smallconst                          800      800       30         0

        CLASS   MEDIUMCONST    

        CLASS   COMRAM         
                temp                                 41       41        1         1
                cstackCOMRAM                          1        1       23         1
                bssCOMRAM                            24       24       1D         1

        CLASS   ABS1           

        CLASS   BIGRAM         

        CLASS   RAM            

        CLASS   BANK0          
                cstackBANK0                          C8       C8       36         1
                dataBANK0                            FE       FE        2         1
                bssBANK0                             60       60       68         1

        CLASS   BANK1          
                cstackBANK1                         1A1      1A1       26         1
                bssBANK1                            100      100       A1         1

        CLASS   BANK2          

        CLASS   BANK3          

        CLASS   BANK4          

        CLASS   BANK5          

        CLASS   BANK6          

        CLASS   BANK7          

        CLASS   SFR            

        CLASS   BIGSFR         

        CLASS   CONFIG         
                config                           300000   300000        E         4

        CLASS   IDLOC          
                idloc                            200000   200000        8         5

        CLASS   EEDATA         

        CLASS   FARRAM         

        CLASS   HEAP           

        CLASS   STACK          



SEGMENTS        Name                           Load    Length   Top    Selector   Space  Class

                reset_vec                      000000  000004  000004         0       0  CODE    
                cstackCOMRAM                   000001  000041  000042         1       1  COMRAM  
                intcode                        000008  000006  00000E         4       0  CODE    
                intcodelo                      000018  00004E  000066         C       0  CODE    
                bssBANK0                       000060  0000A0  000100        60       1  BANK0   
                bssBANK1                       000100  0000C7  0001C7       100       1  BANK1   
                smallconst                     000800  000030  000830       400       0  SMALLCON
                text0                          000830  001FF4  002824       418       0  CODE    


UNUSED ADDRESS RANGES

        Name                Unused          Largest block    Delta
        BANK1            0001C7-0001FF               39
        BANK2            000200-0002FF              100
        BANK3            000300-0003FF              100
        BANK4            000400-0004FF              100
        BANK5            000500-0005FF              100
        BANK6            000600-0006FF              100
        BANK7            000700-0007FF              100
        BIGRAM           000042-00005F               1E
                         0001C7-0007FF              639
        BIGSFR           000F60-000FFF               A0
        CODE             000004-000007                4
                         00000E-000017                A
                         000066-0007FF              79A
                         002824-007FFF             57DC
        COMRAM           000042-00005F               1E
        CONST            000004-000007                4
                         00000E-000017                A
                         000066-0007FF              79A
                         002824-007FFF             57DC
        EEDATA           F00000-F000FF              100
        MEDIUMCONST      002824-007FFF             57DC
        RAM              0001C7-0007FF              100
        SFR              000F60-000FFF               A0
        SMALLCONST       002824-007FFF              100

                                  Symbol Table

?_Leer_ADC                                     cstackCOMRAM 00001F
?___awdiv                                      cstackCOMRAM 00001F
?___awmod                                      cstackCOMRAM 00001F
?___fldiv                                      cstackBANK0  0000EB
?___flmul                                      cstackBANK0  0000D2
?___fltol                                      cstackBANK0  0000F7
?___lldiv                                      cstackBANK0  0000C8
?___lwdiv                                      cstackCOMRAM 00001F
?___lwmod                                      cstackCOMRAM 00001F
?___wmul                                       cstackCOMRAM 00001F
?___xxtofl                                     cstackCOMRAM 00001F
?_abs                                          cstackBANK0  0000CA
?_read_prec_or_width                           cstackBANK0  0000CA
?_sprintf                                      cstackBANK1  0001A6
?_vfprintf                                     cstackBANK1  0001A1
?i1___flmul                                    cstackCOMRAM 000001
?i1___fltol                                    cstackCOMRAM 000001
Asignar_Minutos_Timer0@minutos                 cstackBANK0  0000D2
SPI_Enviar_Caracter@spi_tx                     cstackCOMRAM 00001F
UART_Enviar_Cadena@cadena                      cstackCOMRAM 000020
UART_Enviar_Caracter@dato                      cstackCOMRAM 00001F
_ADCON0bits                                    (abs)        000FC2
_ADCON1bits                                    (abs)        000FC1
_ADCON2bits                                    (abs)        000FC0
_ADRESH                                        (abs)        000FC4
_ADRESL                                        (abs)        000FC3
_ALARMA_ACTIVA                                 bssBANK0     0000B7
_Asignar_Minutos_Timer0                        text37       0027DA
_Atencion_Int_Timer_0                          text40       002392
_Atencion_Int_Timer_2                          text39       001FBA
_BAUDCONbits                                   (abs)        000FB8
_CONT_TIEMPO_CHEKEO                            bssBANK0     000090
_CONT_TIEMPO_UMBRAL                            bssBANK0     000092
_Configurar_ADC                                text36       0026E0
_Configurar_SPI                                text35       002798
_Configurar_Timer0                             text34       00275A
_Configurar_Timer2                             text33       00277A
_DATOS_LISTOS_ADC_BAT                          bssBANK0     0000B2
_DATOS_LISTOS_EMPAQUEADO                       bssBANK0     0000B0
_DATOS_LISTOS_SENSOR_AFM                       bssBANK0     0000B1
_FLANCO_NEG                                    bssBANK0     0000C2
_HABILITAR_LECTURA_SENSOR                      bssBANK0     0000B4
_HABILITAR_TAREA_MINUTOS_SOL                   bssBANK0     0000BB
_HABILITAR_TASK0                               bssBANK0     0000C0
_HABILITAR_TASK1                               bssBANK0     0000BF
_HABILITAR_TASK10                              bssCOMRAM    00003A
_HABILITAR_TASK2                               bssBANK0     0000BE
_HABILITAR_TASK3                               bssBANK0     0000BD
_HABILITAR_TASK4                               bssBANK0     0000BC
_HABILITAR_TASK5                               bssCOMRAM    00003F
_HABILITAR_TASK6                               bssCOMRAM    00003E
_HABILITAR_TASK7                               bssCOMRAM    00003D
_HABILITAR_TASK8                               bssCOMRAM    00003C
_HABILITAR_TASK9                               bssCOMRAM    00003B
_HABILITAR_TX_DATOS_AFM                        bssBANK0     0000B5
_HABILITAR_VERIFICAR_UMBRAL                    bssBANK0     0000B3
_HABLILITAR_LECTURA_CH0                        bssBANK0     0000C3
_INTCON2bits                                   (abs)        000FF1
_INTCONbits                                    (abs)        000FF2
_IPR1bits                                      (abs)        000F9F
_Inicializar_Administrador_PIN                 text32       00270C
_Inicializar_Oscilador                         text31       002810
_Inicializar_Sistema                           text29       00263C
_Inicializar_UART                              text30       0027C6
_LATBbits                                      (abs)        000F8A
_Lectura_ADC_CH0                               bssBANK0     0000AE
_Lectura_Frecuencia_tx                         text28       0025BC
_Lectura_Numero_Est                            text27       00257A
_Leer_ADC                                      text26       0027B2
_NIVEL_UNBRAL_500MV                            dataBANK0    0000FE
_NUM_MINUTOS_T0                                bssBANK0     0000C4
_OSCCONbits                                    (abs)        000FD3
_PIE1bits                                      (abs)        000F9D
_PIR1bits                                      (abs)        000F9E
_PORTAbits                                     (abs)        000F80
_PORTBbits                                     (abs)        000F81
_PORTCbits                                     (abs)        000F82
_PR2                                           (abs)        000FCB
_RCONbits                                      (abs)        000FD0
_RCREG                                         (abs)        000FAE
_RCSTAbits                                     (abs)        000FAB
_SPBRG                                         (abs)        000FAF
_SPBRGH                                        (abs)        000FB0
_SPI_Enviar_Caracter                           text25       0027EC
_SPI_Recibir_Caracter                          text24       002806
_SSPBUF                                        (abs)        000FC9
_SSPCON1                                       (abs)        000FC6
_SSPCON1bits                                   (abs)        000FC6
_SSPSTAT                                       (abs)        000FC7
_SSPSTATbits                                   (abs)        000FC7
_T0CONbits                                     (abs)        000FD5
_T2CON                                         (abs)        000FCA
_T2CONbits                                     (abs)        000FCA
_TMR0H                                         (abs)        000FD7
_TMR0L                                         (abs)        000FD6
_TMR2                                          (abs)        000FCC
_TRISAbits                                     (abs)        000F92
_TRISBbits                                     (abs)        000F93
_TRISCbits                                     (abs)        000F94
_TXREG                                         (abs)        000FAD
_TXSTAbits                                     (abs)        000FAC
_UART_Enviar_Cadena                            text22       002454
_UART_Enviar_Caracter                          text23       0027FA
_UCFGbits                                      (abs)        000F6F
_UCONbits                                      (abs)        000F6D
__HRAM                                         (abs)        000000
__H__absolute__                                __absolute__ 000000
__Habs1                                        abs1         000000
__Hbank0                                       bank0        000000
__Hbank1                                       bank1        000000
__Hbank2                                       bank2        000000
__Hbank3                                       bank3        000000
__Hbank4                                       bank4        000000
__Hbank5                                       bank5        000000
__Hbank6                                       bank6        000000
__Hbank7                                       bank7        000000
__Hbigbss                                      bigbss       000000
__Hbigdata                                     bigdata      000000
__Hbigram                                      bigram       000000
__Hbigsfr                                      bigsfr       000000
__Hbss                                         bss          000000
__HbssBANK0                                    bssBANK0     000000
__HbssBANK1                                    bssBANK1     000000
__HbssCOMRAM                                   bssCOMRAM    000000
__Hcinit                                       cinit        000000
__Hclrtext                                     clrtext      000000
__Hcomram                                      comram       000000
__Hconfig                                      config       30000E
__Hconst                                       const        000000
__HcstackBANK0                                 cstackBANK0  000000
__HcstackBANK1                                 cstackBANK1  000000
__HcstackCOMRAM                                cstackCOMRAM 000000
__Hdata                                        data         000000
__HdataBANK0                                   dataBANK0    000000
__Heeprom_data                                 eeprom_data  000000
__Hfarbss                                      farbss       000000
__Hfardata                                     fardata      000000
__Hheap                                        heap         000000
__Hibigdata                                    ibigdata     000000
__Hidata                                       idata        000000
__HidataBANK0                                  idataBANK0   000000
__Hidloc                                       idloc        200008
__Hifardata                                    ifardata     000000
__Hinit                                        init         000066
__Hintcode                                     intcode      00000E
__Hintcode_body                                intcode_body 000000
__Hintcodelo                                   intcodelo    000062
__Hintentry                                    intentry     000000
__Hintret                                      intret       000000
__Hintsave_regs                                intsave_regs 000000
__Hirdata                                      irdata       000000
__Hmediumconst                                 mediumconst  000000
__HnvFARRAM                                    nvFARRAM     000000
__Hnvbit                                       nvbit        000000
__Hnvrram                                      nvrram       000000
__Hparam                                       rparam       000000
__Hpowerup                                     powerup      000062
__Hram                                         ram          000000
__Hramtop                                      ramtop       000800
__Hrbit                                        rbit         000000
__Hrbss                                        rbss         000000
__Hrdata                                       rdata        000000
__Hreset_vec                                   reset_vec    000004
__Hrparam                                      rparam       000000
__Hsfr                                         sfr          000000
__Hsmallconst                                  smallconst   000830
__Hspace_0                                     (abs)        002824
__Hspace_1                                     (abs)        0001C7
__Hspace_2                                     (abs)        000000
__Hspace_4                                     (abs)        60000E
__Hstack                                       stack        000000
__Hstruct                                      struct       000000
__Htemp                                        temp         000042
__Htext                                        text         000000
__Htext0                                       text0        000000
__Htext1                                       text1        000000
__Htext10                                      text10       000000
__Htext11                                      text11       000000
__Htext12                                      text12       000000
__Htext13                                      text13       000000
__Htext14                                      text14       000000
__Htext15                                      text15       000000
__Htext16                                      text16       000000
__Htext17                                      text17       000000
__Htext18                                      text18       000000
__Htext19                                      text19       000000
__Htext2                                       text2        000000
__Htext20                                      text20       000000
__Htext21                                      text21       000000
__Htext22                                      text22       000000
__Htext23                                      text23       000000
__Htext24                                      text24       000000
__Htext25                                      text25       000000
__Htext26                                      text26       000000
__Htext27                                      text27       000000
__Htext28                                      text28       000000
__Htext29                                      text29       000000
__Htext3                                       text3        000000
__Htext30                                      text30       000000
__Htext31                                      text31       000000
__Htext32                                      text32       000000
__Htext33                                      text33       000000
__Htext34                                      text34       000000
__Htext35                                      text35       000000
__Htext36                                      text36       000000
__Htext37                                      text37       000000
__Htext39                                      text39       000000
__Htext4                                       text4        000000
__Htext40                                      text40       000000
__Htext41                                      text41       000000
__Htext42                                      text42       000000
__Htext5                                       text5        000000
__Htext6                                       text6        000000
__Htext7                                       text7        000000
__Htext8                                       text8        000000
__Htext9                                       text9        000000
__LRAM                                         (abs)        000001
__L__absolute__                                __absolute__ 000000
__Labs1                                        abs1         000000
__Lbank0                                       bank0        000000
__Lbank1                                       bank1        000000
__Lbank2                                       bank2        000000
__Lbank3                                       bank3        000000
__Lbank4                                       bank4        000000
__Lbank5                                       bank5        000000
__Lbank6                                       bank6        000000
__Lbank7                                       bank7        000000
__Lbigbss                                      bigbss       000000
__Lbigdata                                     bigdata      000000
__Lbigram                                      bigram       000000
__Lbigsfr                                      bigsfr       000000
__Lbss                                         bss          000000
__LbssBANK0                                    bssBANK0     000000
__LbssBANK1                                    bssBANK1     000000
__LbssCOMRAM                                   bssCOMRAM    000000
__Lcinit                                       cinit        000000
__Lclrtext                                     clrtext      000000
__Lcomram                                      comram       000000
__Lconfig                                      config       000000
__Lconst                                       const        000000
__LcstackBANK0                                 cstackBANK0  000000
__LcstackBANK1                                 cstackBANK1  000000
__LcstackCOMRAM                                cstackCOMRAM 000000
__Ldata                                        data         000000
__LdataBANK0                                   dataBANK0    000000
__Leeprom_data                                 eeprom_data  000000
__Lfarbss                                      farbss       000000
__Lfardata                                     fardata      000000
__Lheap                                        heap         000000
__Libigdata                                    ibigdata     000000
__Lidata                                       idata        000000
__LidataBANK0                                  idataBANK0   000000
__Lidloc                                       idloc        000000
__Lifardata                                    ifardata     000000
__Linit                                        init         000062
__Lintcode                                     intcode      000008
__Lintcode_body                                intcode_body 000000
__Lintcodelo                                   intcodelo    000018
__Lintentry                                    intentry     000000
__Lintret                                      intret       000000
__Lintsave_regs                                intsave_regs 000000
__Lirdata                                      irdata       000000
__Lmediumconst                                 mediumconst  000000
__LnvFARRAM                                    nvFARRAM     000000
__Lnvbit                                       nvbit        000000
__Lnvrram                                      nvrram       000000
__Lparam                                       rparam       000000
__Lpowerup                                     powerup      000062
__Lram                                         ram          000000
__Lramtop                                      ramtop       000800
__Lrbit                                        rbit         000000
__Lrbss                                        rbss         000000
__Lrdata                                       rdata        000000
__Lreset_vec                                   reset_vec    000000
__Lrparam                                      rparam       000000
__Lsfr                                         sfr          000000
__Lsmallconst                                  smallconst   000800
__Lspace_0                                     (abs)        000000
__Lspace_1                                     (abs)        000000
__Lspace_2                                     (abs)        000000
__Lspace_4                                     (abs)        000000
__Lstack                                       stack        000000
__Lstruct                                      struct       000000
__Ltemp                                        temp         000041
__Ltext                                        text         000000
__Ltext0                                       text0        000000
__Ltext1                                       text1        000000
__Ltext10                                      text10       000000
__Ltext11                                      text11       000000
__Ltext12                                      text12       000000
__Ltext13                                      text13       000000
__Ltext14                                      text14       000000
__Ltext15                                      text15       000000
__Ltext16                                      text16       000000
__Ltext17                                      text17       000000
__Ltext18                                      text18       000000
__Ltext19                                      text19       000000
__Ltext2                                       text2        000000
__Ltext20                                      text20       000000
__Ltext21                                      text21       000000
__Ltext22                                      text22       000000
__Ltext23                                      text23       000000
__Ltext24                                      text24       000000
__Ltext25                                      text25       000000
__Ltext26                                      text26       000000
__Ltext27                                      text27       000000
__Ltext28                                      text28       000000
__Ltext29                                      text29       000000
__Ltext3                                       text3        000000
__Ltext30                                      text30       000000
__Ltext31                                      text31       000000
__Ltext32                                      text32       000000
__Ltext33                                      text33       000000
__Ltext34                                      text34       000000
__Ltext35                                      text35       000000
__Ltext36                                      text36       000000
__Ltext37                                      text37       000000
__Ltext39                                      text39       000000
__Ltext4                                       text4        000000
__Ltext40                                      text40       000000
__Ltext41                                      text41       000000
__Ltext42                                      text42       000000
__Ltext5                                       text5        000000
__Ltext6                                       text6        000000
__Ltext7                                       text7        000000
__Ltext8                                       text8        000000
__Ltext9                                       text9        000000
__S0                                           (abs)        002824
__S1                                           (abs)        0001C7
__S4                                           (abs)        000000
__S5                                           (abs)        000000
___awdiv                                       text16       00219E
___awdiv@counter                               cstackBANK0  0000C8
___awdiv@dividend                              cstackCOMRAM 00001F
___awdiv@divisor                               cstackCOMRAM 000021
___awdiv@quotient                              cstackBANK0  0000CA
___awdiv@sign                                  cstackBANK0  0000C9
___awmod                                       text15       002322
___awmod@counter                               cstackBANK0  0000C8
___awmod@dividend                              cstackCOMRAM 00001F
___awmod@divisor                               cstackCOMRAM 000021
___awmod@sign                                  cstackBANK0  0000C9
___fldiv                                       text21       0015F8
___fldiv@a                                     cstackBANK0  0000EF
___fldiv@aexp                                  cstackBANK1  0001AD
___fldiv@b                                     cstackBANK0  0000EB
___fldiv@bexp                                  cstackBANK1  0001AC
___fldiv@grs                                   cstackBANK1  0001A8
___fldiv@new_exp                               cstackBANK1  0001A6
___fldiv@rem                                   cstackBANK1  0001A1
___fldiv@sign                                  cstackBANK1  0001A5
___flmul                                       text20       000FA0
___flmul@a                                     cstackBANK0  0000D6
___flmul@aexp                                  cstackBANK0  0000DF
___flmul@b                                     cstackBANK0  0000D2
___flmul@bexp                                  cstackBANK0  0000E0
___flmul@grs                                   cstackBANK0  0000E1
___flmul@prod                                  cstackBANK0  0000E5
___flmul@sign                                  cstackBANK0  0000DE
___flmul@temp                                  cstackBANK0  0000E9
___fltol                                       text19       001E42
___fltol@exp1                                  cstackBANK0  0000FC
___fltol@f1                                    cstackBANK0  0000F7
___fltol@sign1                                 cstackBANK0  0000FB
___heap_hi                                     (abs)        000000
___heap_lo                                     (abs)        000000
___inthi_sp                                    stack        000000
___intlo_sp                                    stack        000000
___lldiv                                       text18       002222
___lldiv@counter                               cstackCOMRAM 000023
___lldiv@dividend                              cstackBANK0  0000C8
___lldiv@divisor                               cstackBANK0  0000CC
___lldiv@quotient                              cstackCOMRAM 00001F
___lwdiv                                       text6        002402
___lwdiv@counter                               cstackBANK0  0000C8
___lwdiv@dividend                              cstackCOMRAM 00001F
___lwdiv@divisor                               cstackCOMRAM 000021
___lwdiv@quotient                              cstackBANK0  0000C9
___lwmod                                       text5        002538
___lwmod@counter                               cstackCOMRAM 000023
___lwmod@dividend                              cstackCOMRAM 00001F
___lwmod@divisor                               cstackCOMRAM 000021
___param_bank                                  (abs)        000000
___rparam_used                                 (abs)        000001
___sp                                          stack        000000
___wmul                                        text8        002734
___wmul@multiplicand                           cstackCOMRAM 000021
___wmul@multiplier                             cstackCOMRAM 00001F
___wmul@product                                cstackBANK0  0000C8
___xxtofl                                      text17       001C26
___xxtofl@arg                                  cstackBANK0  0000CE
___xxtofl@exp                                  cstackBANK0  0000CD
___xxtofl@sign                                 cstackBANK0  0000CC
___xxtofl@val                                  cstackCOMRAM 00001F
__accesstop                                    (abs)        000060
__activetblptr                                 (abs)        000002
__end_of_Asignar_Minutos_Timer0                text37       0027EC
__end_of_Atencion_Int_Timer_0                  text40       002402
__end_of_Atencion_Int_Timer_2                  text39       00205E
__end_of_Configurar_ADC                        text36       00270C
__end_of_Configurar_SPI                        text35       0027B2
__end_of_Configurar_Timer0                     text34       00277A
__end_of_Configurar_Timer2                     text33       002798
__end_of_Inicializar_Administrador_PIN         text32       002734
__end_of_Inicializar_Oscilador                 text31       00281A
__end_of_Inicializar_Sistema                   text29       002676
__end_of_Inicializar_UART                      text30       0027DA
__end_of_Lectura_Frecuencia_tx                 text28       0025FE
__end_of_Lectura_Numero_Est                    text27       0025BC
__end_of_Leer_ADC                              text26       0027C6
__end_of_SPI_Enviar_Caracter                   text25       0027FA
__end_of_SPI_Recibir_Caracter                  text24       002810
__end_of_UART_Enviar_Cadena                    text22       0024A6
__end_of_UART_Enviar_Caracter                  text23       002806
__end_of___awdiv                               text16       002222
__end_of___awmod                               text15       002392
__end_of___fldiv                               text21       00191A
__end_of___flmul                               text20       0012CC
__end_of___fltol                               text19       001F00
__end_of___lldiv                               text18       0022A4
__end_of___lwdiv                               text6        002454
__end_of___lwmod                               text5        00257A
__end_of___wmul                                text8        00275A
__end_of___xxtofl                              text17       001D68
__end_of__initialization                       cinit        0024E2
__end_of_abs                                   text14       0026E0
__end_of_dtoa                                  text9        001C26
__end_of_fputc                                 text12       00219E
__end_of_fputs                                 text11       0026AE
__end_of_high_isr                              intcode_body 002820
__end_of_low_isr                               intcodelo    000062
__end_of_main                                  text0        000FA0
__end_of_pad                                   text10       002322
__end_of_putch                                 text13       002824
__end_of_read_prec_or_width                    text7        0020FE
__end_of_sprintf                               text1        002538
__end_of_utoa                                  text4        001E42
__end_of_vfpfcnvrt                             text3        001ADE
__end_of_vfprintf                              text2        00263C
__end_ofi1___flmul                             text42       0015F8
__end_ofi1___fltol                             text41       001FBA
__initialization                               cinit        0024A6
__mediumconst                                  mediumconst  000000
__pbssBANK0                                    bssBANK0     000060
__pbssBANK1                                    bssBANK1     000100
__pbssCOMRAM                                   bssCOMRAM    000024
__pcinit                                       cinit        0024A6
__pcstackBANK0                                 cstackBANK0  0000C8
__pcstackBANK1                                 cstackBANK1  0001A1
__pcstackCOMRAM                                cstackCOMRAM 000001
__pdataBANK0                                   dataBANK0    0000FE
__pidataBANK0                                  idataBANK0   002820
__pintcode                                     intcode      000008
__pintcode_body                                intcode_body 00281A
__pintcodelo                                   intcodelo    000018
__psmallconst                                  smallconst   000800
__ptext0                                       text0        000830
__ptext1                                       text1        0024F0
__ptext10                                      text10       0022A4
__ptext11                                      text11       002676
__ptext12                                      text12       0020FE
__ptext13                                      text13       002822
__ptext14                                      text14       0026AE
__ptext15                                      text15       002322
__ptext16                                      text16       00219E
__ptext17                                      text17       001C26
__ptext18                                      text18       002222
__ptext19                                      text19       001E42
__ptext2                                       text2        0025FE
__ptext20                                      text20       000FA0
__ptext21                                      text21       0015F8
__ptext22                                      text22       002454
__ptext23                                      text23       0027FA
__ptext24                                      text24       002806
__ptext25                                      text25       0027EC
__ptext26                                      text26       0027B2
__ptext27                                      text27       00257A
__ptext28                                      text28       0025BC
__ptext29                                      text29       00263C
__ptext3                                       text3        00191A
__ptext30                                      text30       0027C6
__ptext31                                      text31       002810
__ptext32                                      text32       00270C
__ptext33                                      text33       00277A
__ptext34                                      text34       00275A
__ptext35                                      text35       002798
__ptext36                                      text36       0026E0
__ptext37                                      text37       0027DA
__ptext39                                      text39       001FBA
__ptext4                                       text4        001D68
__ptext40                                      text40       002392
__ptext41                                      text41       001F00
__ptext42                                      text42       0012CC
__ptext5                                       text5        002538
__ptext6                                       text6        002402
__ptext7                                       text7        00205E
__ptext8                                       text8        002734
__ptext9                                       text9        001ADE
__ramtop                                       ramtop       000800
__smallconst                                   smallconst   000800
_abs                                           text14       0026AE
_check_sum_str                                 bssBANK1     000198
_check_sum_valor_calculado                     bssBANK0     000096
_cont_task0                                    bssCOMRAM    000032
_cont_task1                                    bssCOMRAM    000030
_cont_task10                                   bssBANK0     0000A4
_cont_task2                                    bssCOMRAM    00002E
_cont_task3                                    bssCOMRAM    00002C
_cont_task4                                    bssCOMRAM    00002A
_cont_task5                                    bssCOMRAM    000028
_cont_task6                                    bssBANK0     0000AC
_cont_task7                                    bssBANK0     0000AA
_cont_task8                                    bssBANK0     0000A8
_cont_task9                                    bssBANK0     0000A6
_contador_lectura_adc@interrupt_manager$F662   bssBANK0     0000B8
_contador_minutos_t0                           bssCOMRAM    000034
_contador_pluviometro                          bssBANK0     0000C1
_dato_recibido                                 bssCOMRAM    000039
_dato_spi_full_band                            bssBANK0     000074
_dato_spi_high_band                            bssBANK0     00006C
_dato_spi_low_band                             bssBANK0     000070
_dato_spi_temp_f                               bssBANK0     0000A2
_dato_spi_temp_h                               bssBANK0     00009E
_dato_spi_temp_l                               bssBANK0     0000A0
_datos_sensores_afm_pc                         bssBANK1     000100
_datos_sensores_afm_radio                      bssBANK1     00013C
_dbuf                                          bssBANK1     000178
_dtoa                                          text9        001ADE
_dtoa$2490                                     cstackBANK0  0000E2
_flags                                         bssCOMRAM    000036
_fputc                                         text12       0020FE
_fputs                                         text11       002676
_frec_tx_datos                                 bssBANK0     0000BA
_frecuencia_tx_datos_pc                        bssBANK0     0000B6
_high_isr                                      intcode      000008
_lectura_sensor_full_band                      bssBANK0     00009C
_lectura_sensor_high_band                      bssBANK0     000098
_lectura_sensor_low_band                       bssBANK0     00009A
_lectura_sensor_low_band_test                  bssBANK0     000094
_longitud_paq_datos                            bssCOMRAM    000038
_low_isr                                       intcodelo    000018
_main                                          text0        000830
_medida_nivel_bateria_dec                      bssBANK0     00008C
_medida_nivel_bateria_flt                      bssBANK0     000068
_medida_nivel_bateria_pc                       bssBANK0     00008E
_num_de_estacion                               bssBANK0     0000B9
_pad                                           text10       0022A4
_prec                                          bssCOMRAM    000026
_putch                                         text13       002822
_read_prec_or_width                            text7        00205E
_resultado_adc_flotante@interrupt_manager$F664 bssBANK0     000078
_sprintf                                       text1        0024F0
_suma_lectura_adc@interrupt_manager$F663       bssBANK0     00007C
_temp_num_minutos_t0                           bssBANK0     000080
_utoa                                          text4        001D68
_vfpfcnvrt                                     text3        00191A
_vfprintf                                      text2        0025FE
_width                                         bssCOMRAM    000024
abs@a                                          cstackBANK0  0000CA
btemp                                          temp         000041
dtoa@d                                         cstackBANK0  0000E0
dtoa@fp                                        cstackBANK0  0000DE
dtoa@i                                         cstackBANK0  0000E9
dtoa@p                                         cstackBANK0  0000E4
dtoa@s                                         cstackBANK0  0000E8
dtoa@w                                         cstackBANK0  0000E6
end_of_initialization                          cinit        0024E2
fputc@c                                        cstackCOMRAM 00001F
fputc@fp                                       cstackCOMRAM 000021
fputs@c                                        cstackBANK0  0000D1
fputs@fp                                       cstackBANK0  0000CF
fputs@i                                        cstackBANK0  0000D2
fputs@s                                        cstackBANK0  0000CD
i1___flmul                                     text42       0012CC
i1___flmul@a                                   cstackCOMRAM 000005
i1___flmul@aexp                                cstackCOMRAM 00000E
i1___flmul@b                                   cstackCOMRAM 000001
i1___flmul@bexp                                cstackCOMRAM 000013
i1___flmul@grs                                 cstackCOMRAM 00000F
i1___flmul@prod                                cstackCOMRAM 000014
i1___flmul@sign                                cstackCOMRAM 00000D
i1___flmul@temp                                cstackCOMRAM 000018
i1___fltol                                     text41       001F00
i1___fltol@exp1                                cstackCOMRAM 00000A
i1___fltol@f1                                  cstackCOMRAM 000001
i1___fltol@sign1                               cstackCOMRAM 000009
int$flags                                      temp         000041
int_func                                       intcode_body 00281A
intlevel0                                      text         000000
intlevel1                                      text         000000
intlevel2                                      text         000000
intlevel3                                      text         000000
isa$std                                        (abs)        000001
isa$xinst                                      (abs)        000000
main@HABILITAR_ENVIAR_DATOS_PC                 cstackBANK1  0001C3
main@i                                         cstackBANK1  0001C6
main@j                                         cstackBANK1  0001C5
main@k                                         cstackBANK1  0001C4
pad@buf                                        cstackBANK0  0000D6
pad@fp                                         cstackBANK0  0000D4
pad@i                                          cstackBANK0  0000DA
pad@p                                          cstackBANK0  0000D8
pad@w                                          cstackBANK0  0000DC
read_prec_or_width@ap                          cstackBANK0  0000CB
read_prec_or_width@c                           cstackBANK0  0000CF
read_prec_or_width@fmt                         cstackBANK0  0000CA
read_prec_or_width@n                           cstackBANK0  0000D0
sprintf@ap                                     cstackBANK1  0001B5
sprintf@f                                      cstackBANK1  0001B7
sprintf@fmt                                    cstackBANK1  0001A8
sprintf@s                                      cstackBANK1  0001A6
stackhi                                        (abs)        000000
stacklo                                        (abs)        000000
start                                          init         000062
start_initialization                           cinit        0024A6
ttemp5                                         temp         000042
ttemp6                                         temp         000045
ttemp7                                         temp         000049
utoa@d                                         cstackBANK0  0000E0
utoa@fp                                        cstackBANK0  0000DE
utoa@i                                         cstackBANK0  0000E6
utoa@p                                         cstackBANK0  0000E2
utoa@w                                         cstackBANK0  0000E4
vfpfcnvrt@ap                                   cstackBANK0  0000EE
vfpfcnvrt@convarg                              cstackBANK0  0000F4
vfpfcnvrt@cp                                   cstackBANK0  0000F8
vfpfcnvrt@done                                 cstackBANK0  0000F2
vfpfcnvrt@fmt                                  cstackBANK0  0000ED
vfpfcnvrt@fp                                   cstackBANK0  0000EB
vfprintf@ap                                    cstackBANK1  0001A4
vfprintf@cfmt                                  cstackBANK0  0000F9
vfprintf@fmt                                   cstackBANK1  0001A3
vfprintf@fp                                    cstackBANK1  0001A1
wtemp8                                         temp         000042


MODULE INFORMATION

Module		Function		Class		Link	Load	Size
C:\Program Files\Microchip\xc8\v2.41\pic\sources\c99\common\awmod.c
		___awmod       		CODE           	2322	0000	112

C:\Program Files\Microchip\xc8\v2.41\pic\sources\c99\common\awmod.c estimated size: 112

serial.c
		_UART_Enviar_Cadena		CODE           	2454	0000	82
		_UART_Enviar_Caracter		CODE           	27FA	0000	12
		_Inicializar_UART		CODE           	27C6	0000	20

serial.c estimated size: 114

timers.c
		_Asignar_Minutos_Timer0		CODE           	27DA	0000	18
		_Configurar_Timer0		CODE           	275A	0000	32
		_Configurar_Timer2		CODE           	277A	0000	30

timers.c estimated size: 80

C:\Program Files\Microchip\xc8\v2.41\pic\sources\c99\common\fltol.c
		___fltol       		CODE           	1E42	0000	190

C:\Program Files\Microchip\xc8\v2.41\pic\sources\c99\common\fltol.c estimated size: 190

C:\Program Files\Microchip\xc8\v2.41\pic\sources\c99\common\xxtofl.c
		___xxtofl      		CODE           	1C26	0000	322

C:\Program Files\Microchip\xc8\v2.41\pic\sources\c99\common\xxtofl.c estimated size: 322

C:\Program Files\Microchip\xc8\v2.41\pic\sources\c99\common\__lldiv.c
		___lldiv       		CODE           	2222	0000	130

C:\Program Files\Microchip\xc8\v2.41\pic\sources\c99\common\__lldiv.c estimated size: 130

C:\Program Files\Microchip\xc8\v2.41\pic\sources\c99\common\nf_fputc.c
		_fputc         		CODE           	20FE	0000	160

C:\Program Files\Microchip\xc8\v2.41\pic\sources\c99\common\nf_fputc.c estimated size: 160

C:\Program Files\Microchip\xc8\v2.41\pic\sources\c99\common\nf_sprintf.c
		_sprintf       		CODE           	24F0	0000	72

C:\Program Files\Microchip\xc8\v2.41\pic\sources\c99\common\nf_sprintf.c estimated size: 72

C:\Program Files\Microchip\xc8\v2.41\pic\sources\c99\common\lwdiv.c
		___lwdiv       		CODE           	2402	0000	82

C:\Program Files\Microchip\xc8\v2.41\pic\sources\c99\common\lwdiv.c estimated size: 82

C:\Program Files\Microchip\xc8\v2.41\pic\sources\c99\common\awdiv.c
		___awdiv       		CODE           	219E	0000	132

C:\Program Files\Microchip\xc8\v2.41\pic\sources\c99\common\awdiv.c estimated size: 132

C:\Program Files\Microchip\xc8\v2.41\pic\sources\c99\common\abs.c
		_abs           		CODE           	26AE	0000	50

C:\Program Files\Microchip\xc8\v2.41\pic\sources\c99\common\abs.c estimated size: 50

C:\Program Files\Microchip\xc8\v2.41\pic\sources\c99\common\doprnt.c
		_read_prec_or_width		CODE           	205E	0000	160
		_vfpfcnvrt     		CODE           	191A	0000	452
		_pad           		CODE           	22A4	0000	126
		_dtoa          		CODE           	1ADE	0000	328
		_vfprintf      		CODE           	25FE	0000	62
		_utoa          		CODE           	1D68	0000	218

C:\Program Files\Microchip\xc8\v2.41\pic\sources\c99\common\doprnt.c estimated size: 1346

device_config.c
		_Inicializar_Oscilador		CODE           	2810	0000	10

device_config.c estimated size: 10

adc.c
		_Leer_ADC      		CODE           	27B2	0000	20
		_Configurar_ADC		CODE           	26E0	0000	44

adc.c estimated size: 64

spi.c
		_SPI_Enviar_Caracter		CODE           	27EC	0000	14
		_SPI_Recibir_Caracter		CODE           	2806	0000	10
		_Configurar_SPI		CODE           	2798	0000	26

spi.c estimated size: 50

shared
		i1___fltol     		CODE           	1F00	0000	186
		__initialization		CODE           	24A6	0000	60
		i1___flmul     		CODE           	12CC	0000	812

shared estimated size: 1058

mcc.c
		_Inicializar_Sistema		CODE           	263C	0000	58

mcc.c estimated size: 58

interrupt_manager.c
		_high_isr      		CODE           	0008	0000	12
		_Atencion_Int_Timer_0		CODE           	2392	0000	112
		_Atencion_Int_Timer_2		CODE           	1FBA	0000	164
		_low_isr       		CODE           	0018	0000	74

interrupt_manager.c estimated size: 362

C:\Program Files\Microchip\xc8\v2.41\pic\sources\c99\common\Umul16.c
		___wmul        		CODE           	2734	0000	38

C:\Program Files\Microchip\xc8\v2.41\pic\sources\c99\common\Umul16.c estimated size: 38

C:\Program Files\Microchip\xc8\v2.41\pic\sources\c99\common\putch.c
		_putch         		CODE           	2822	0000	2

C:\Program Files\Microchip\xc8\v2.41\pic\sources\c99\common\putch.c estimated size: 2

C:\Program Files\Microchip\xc8\v2.41\pic\sources\c99\common\nf_fputs.c
		_fputs         		CODE           	2676	0000	56

C:\Program Files\Microchip\xc8\v2.41\pic\sources\c99\common\nf_fputs.c estimated size: 56

pin_manager.c
		_Lectura_Numero_Est		CODE           	257A	0000	66
		_Inicializar_Administrador_PIN		CODE           	270C	0000	40
		_Lectura_Frecuencia_tx		CODE           	25BC	0000	66

pin_manager.c estimated size: 172

main.c
		_main          		CODE           	0830	0000	1904

main.c estimated size: 1904

C:\Program Files\Microchip\xc8\v2.41\pic\sources\c99\common\sprcmul.c
		___flmul       		CODE           	0FA0	0000	812

C:\Program Files\Microchip\xc8\v2.41\pic\sources\c99\common\sprcmul.c estimated size: 812

C:\Program Files\Microchip\xc8\v2.41\pic\sources\c99\common\sprcdiv.c
		___fldiv       		CODE           	15F8	0000	802

C:\Program Files\Microchip\xc8\v2.41\pic\sources\c99\common\sprcdiv.c estimated size: 802

C:\Program Files\Microchip\xc8\v2.41\pic\sources\c99\common\lwmod.c
		___lwmod       		CODE           	2538	0000	66

C:\Program Files\Microchip\xc8\v2.41\pic\sources\c99\common\lwmod.c estimated size: 66

